/workspaces/learn_sdn/SPF/base_controller.py:32: EventletDeprecationWarning: 
Eventlet is deprecated. It is currently being maintained in bugfix mode, and
we strongly recommend against using it for new projects.

If you are already using Eventlet, we recommend migrating to a different
framework.  For more detail see
https://eventlet.readthedocs.io/en/latest/asyncio/migration.html

  import eventlet
loading app /workspaces/learn_sdn/SPF/widest_path_osken_controller.py
loading app os_ken.controller.ofp_handler
loading app os_ken.topology.switches
loading app os_ken.controller.ofp_handler
instantiating app /workspaces/learn_sdn/SPF/widest_path_osken_controller.py of WidestPathSwitch
[WP-WEIGHTS] loaded 8 bandwidth entries from /workspaces/learn_sdn/SPF/link_weights.json
instantiating app os_ken.controller.ofp_handler of OFPHandler
instantiating app os_ken.topology.switches of Switches
[TOPO-INITIAL] 10 switch(es) 30 link(s)
[TREE-DONE] root=s1 tree_edges=10 reachable=10/10
[TOPO] route refresh: installed=0 skipped=0 unreachable=0 hosts=0
[TOPO-CHANGE] switches=10 links=28  delta +0 -2
[TOPO-DOWN] [(2, 6), (6, 2)]
[TOPO-REFRESH] flushing 0 flows, rebuilding routes
[TREE-DONE] root=s1 tree_edges=10 reachable=10/10
[TOPO] route refresh: installed=0 skipped=0 unreachable=0 hosts=0
[HOST-LEARN] MAC 00:00:00:00:00:01 discovered at s248615469738571 port 1
[HOST-LEARN] MAC 00:00:00:00:01:01 discovered at s1 port 1
[WP-DONE] s1->s248615469738571 bottleneck=1.0 Mbps
[PATH-COMPUTED] s1→s248615469738571: 1 hop(s) 4 flow entries
[WP-DONE] s248615469738571->s1 bottleneck=1.0 Mbps
[PATH-COMPUTED] s248615469738571→s1: 1 hop(s) 4 flow entries
[PKT-DROP] 00:00:00:00:00:01→00:00:00:00:01:01: s7 not in path
[PKT-DROP] 00:00:00:00:00:01→00:00:00:00:01:01: s9 not in path
[PKT-DROP] 00:00:00:00:00:01→00:00:00:00:01:01: s3 not in path
[HOST-LEARN] MAC 00:00:00:00:02:01 discovered at s2 port 1
[WP-DONE] s2->s248615469738571 bottleneck=1.0 Mbps
[PATH-COMPUTED] s2→s248615469738571: 2 hop(s) 6 flow entries
[HOST-LEARN] MAC 00:00:00:00:03:01 discovered at s3 port 1
[WP-DONE] s3->s248615469738571 bottleneck=1.0 Mbps
[PATH-COMPUTED] s3→s248615469738571: 2 hop(s) 6 flow entries
[HOST-LEARN] MAC 00:00:00:00:04:01 discovered at s4 port 1
[WP-DONE] s4->s248615469738571 bottleneck=1.0 Mbps
[PATH-COMPUTED] s4→s248615469738571: 3 hop(s) 8 flow entries
[HOST-LEARN] MAC 00:00:00:00:05:01 discovered at s5 port 1
[WP-DONE] s5->s248615469738571 bottleneck=1.0 Mbps
[PATH-COMPUTED] s5→s248615469738571: 1 hop(s) 4 flow entries
[WP-DONE] s248615469738571->s5 bottleneck=1.0 Mbps
[PATH-COMPUTED] s248615469738571→s5: 1 hop(s) 4 flow entries
[PKT-DROP] 00:00:00:00:00:01→00:00:00:00:05:01: s7 not in path
[PKT-DROP] 00:00:00:00:00:01→00:00:00:00:05:01: s9 not in path
[PKT-DROP] 00:00:00:00:00:01→00:00:00:00:05:01: s3 not in path
[HOST-LEARN] MAC 00:00:00:00:06:01 discovered at s6 port 1
[WP-DONE] s6->s248615469738571 bottleneck=1.0 Mbps
[PATH-COMPUTED] s6→s248615469738571: 1 hop(s) 4 flow entries
[WP-DONE] s248615469738571->s6 bottleneck=1.0 Mbps
[PATH-COMPUTED] s248615469738571→s6: 1 hop(s) 4 flow entries
[PKT-DROP] 00:00:00:00:00:01→00:00:00:00:06:01: s7 not in path
[PKT-DROP] 00:00:00:00:00:01→00:00:00:00:06:01: s8 not in path
[HOST-LEARN] MAC 00:00:00:00:07:01 discovered at s7 port 1
[WP-DONE] s7->s248615469738571 bottleneck=1.0 Mbps
[PATH-COMPUTED] s7→s248615469738571: 2 hop(s) 6 flow entries
[HOST-LEARN] MAC 00:00:00:00:08:01 discovered at s8 port 1
[WP-DONE] s8->s248615469738571 bottleneck=1.0 Mbps
[PATH-COMPUTED] s8→s248615469738571: 2 hop(s) 6 flow entries
[WP-DONE] s248615469738571->s8 bottleneck=1.0 Mbps
[PATH-COMPUTED] s248615469738571→s8: 2 hop(s) 6 flow entries
[PKT-DROP] 00:00:00:00:00:01→00:00:00:00:08:01: s2 not in path
[PKT-DROP] 00:00:00:00:00:01→00:00:00:00:08:01: s4 not in path
[HOST-LEARN] MAC 00:00:00:00:09:01 discovered at s9 port 1
[WP-DONE] s9->s248615469738571 bottleneck=1.0 Mbps
[PATH-COMPUTED] s9→s248615469738571: 4 hop(s) 10 flow entries
[WP-DONE] s1->s2 bottleneck=1.0 Mbps
[PATH-COMPUTED] s1→s2: 2 hop(s) 6 flow entries
[WP-DONE] s1->s3 bottleneck=1.0 Mbps
[PATH-COMPUTED] s1→s3: 3 hop(s) 8 flow entries
[WP-DONE] s1->s4 bottleneck=1.0 Mbps
[PATH-COMPUTED] s1→s4: 2 hop(s) 6 flow entries
[WP-DONE] s1->s5 bottleneck=1.0 Mbps
[PATH-COMPUTED] s1→s5: 3 hop(s) 8 flow entries
[WP-DONE] s1->s6 bottleneck=1.0 Mbps
[PATH-COMPUTED] s1→s6: 4 hop(s) 10 flow entries
[WP-DONE] s1->s7 bottleneck=1.0 Mbps
[PATH-COMPUTED] s1→s7: 1 hop(s) 4 flow entries
[WP-DONE] s1->s8 bottleneck=1.0 Mbps
[PATH-COMPUTED] s1→s8: 1 hop(s) 4 flow entries
[WP-DONE] s1->s9 bottleneck=1.0 Mbps
[PATH-COMPUTED] s1→s9: 3 hop(s) 8 flow entries
[WP-DONE] s2->s3 bottleneck=1.0 Mbps
[PATH-COMPUTED] s2→s3: 2 hop(s) 6 flow entries
[WP-DONE] s2->s4 bottleneck=1.0 Mbps
[PATH-COMPUTED] s2→s4: 3 hop(s) 8 flow entries
[WP-DONE] s2->s5 bottleneck=100.0 Mbps
[PATH-COMPUTED] s2→s5: 1 hop(s) 4 flow entries
[WP-DONE] s2->s6 bottleneck=1.0 Mbps
[PATH-COMPUTED] s2→s6: 5 hop(s) 12 flow entries
[WP-DONE] s2->s7 bottleneck=1.0 Mbps
[PATH-COMPUTED] s2→s7: 1 hop(s) 4 flow entries
[WP-DONE] s2->s8 bottleneck=1.0 Mbps
[PATH-COMPUTED] s2→s8: 3 hop(s) 8 flow entries
[WP-DONE] s2->s9 bottleneck=1.0 Mbps
[PATH-COMPUTED] s2→s9: 4 hop(s) 10 flow entries
[WP-DONE] s3->s4 bottleneck=100.0 Mbps
[PATH-COMPUTED] s3→s4: 1 hop(s) 4 flow entries
[WP-DONE] s3->s5 bottleneck=1.0 Mbps
[PATH-COMPUTED] s3→s5: 1 hop(s) 4 flow entries
[WP-DONE] s3->s6 bottleneck=1.0 Mbps
[PATH-COMPUTED] s3→s6: 3 hop(s) 8 flow entries
[WP-DONE] s3->s7 bottleneck=1.0 Mbps
[PATH-COMPUTED] s3→s7: 2 hop(s) 6 flow entries
[WP-DONE] s3->s8 bottleneck=1.0 Mbps
[PATH-COMPUTED] s3→s8: 1 hop(s) 4 flow entries
[WP-DONE] s3->s9 bottleneck=1.0 Mbps
[PATH-COMPUTED] s3→s9: 2 hop(s) 6 flow entries
[WP-DONE] s4->s5 bottleneck=1.0 Mbps
[PATH-COMPUTED] s4→s5: 2 hop(s) 6 flow entries
[WP-DONE] s4->s6 bottleneck=1.0 Mbps
[PATH-COMPUTED] s4→s6: 2 hop(s) 6 flow entries
[WP-DONE] s4->s7 bottleneck=1.0 Mbps
[PATH-COMPUTED] s4→s7: 1 hop(s) 4 flow entries
[WP-DONE] s4->s8 bottleneck=1.0 Mbps
[PATH-COMPUTED] s4→s8: 2 hop(s) 6 flow entries
[WP-DONE] s4->s9 bottleneck=1.0 Mbps
[PATH-COMPUTED] s4→s9: 1 hop(s) 4 flow entries
[WP-DONE] s5->s6 bottleneck=1.0 Mbps
[PATH-COMPUTED] s5→s6: 4 hop(s) 10 flow entries
[WP-DONE] s5->s7 bottleneck=1.0 Mbps
[PATH-COMPUTED] s5→s7: 2 hop(s) 6 flow entries
[WP-DONE] s5->s8 bottleneck=1.0 Mbps
[PATH-COMPUTED] s5→s8: 2 hop(s) 6 flow entries
[WP-DONE] s5->s9 bottleneck=1.0 Mbps
[PATH-COMPUTED] s5→s9: 3 hop(s) 8 flow entries
[WP-DONE] s6->s7 bottleneck=1.0 Mbps
[PATH-COMPUTED] s6→s7: 3 hop(s) 8 flow entries
[WP-DONE] s6->s8 bottleneck=1.0 Mbps
[PATH-COMPUTED] s6→s8: 2 hop(s) 6 flow entries
[WP-DONE] s6->s9 bottleneck=1.0 Mbps
[PATH-COMPUTED] s6→s9: 1 hop(s) 4 flow entries
[WP-DONE] s7->s8 bottleneck=1.0 Mbps
[PATH-COMPUTED] s7→s8: 2 hop(s) 6 flow entries
[WP-DONE] s7->s9 bottleneck=1.0 Mbps
[PATH-COMPUTED] s7→s9: 2 hop(s) 6 flow entries
[WP-DONE] s8->s9 bottleneck=1.0 Mbps
[PATH-COMPUTED] s8→s9: 1 hop(s) 4 flow entries
[TOPO-CHANGE] switches=10 links=26  delta +0 -2
[TOPO-DOWN] [(6, 248615469738571), (248615469738571, 6)]
[TOPO-REFRESH] flushing 49 flows, rebuilding routes
[TREE-DONE] root=s1 tree_edges=10 reachable=10/10
[WP-DONE] s248615469738571->s1 bottleneck=1.0 Mbps
[PATH-COMPUTED] s248615469738571→s1: 1 hop(s) 4 flow entries
[WP-DONE] s248615469738571->s2 bottleneck=1.0 Mbps
[PATH-COMPUTED] s248615469738571→s2: 2 hop(s) 6 flow entries
[WP-DONE] s248615469738571->s3 bottleneck=1.0 Mbps
[PATH-COMPUTED] s248615469738571→s3: 2 hop(s) 6 flow entries
[WP-DONE] s248615469738571->s4 bottleneck=1.0 Mbps
[PATH-COMPUTED] s248615469738571→s4: 3 hop(s) 8 flow entries
[WP-DONE] s248615469738571->s5 bottleneck=1.0 Mbps
[PATH-COMPUTED] s248615469738571→s5: 1 hop(s) 4 flow entries
[WP-DONE] s248615469738571->s6 bottleneck=1.0 Mbps
[PATH-COMPUTED] s248615469738571→s6: 5 hop(s) 12 flow entries
[WP-DONE] s248615469738571->s7 bottleneck=1.0 Mbps
[PATH-COMPUTED] s248615469738571→s7: 2 hop(s) 6 flow entries
[WP-DONE] s248615469738571->s8 bottleneck=1.0 Mbps
[PATH-COMPUTED] s248615469738571→s8: 2 hop(s) 6 flow entries
[WP-DONE] s248615469738571->s9 bottleneck=1.0 Mbps
[PATH-COMPUTED] s248615469738571→s9: 4 hop(s) 10 flow entries
[WP-DONE] s1->s248615469738571 bottleneck=1.0 Mbps
[PATH-COMPUTED] s1→s248615469738571: 1 hop(s) 4 flow entries
[WP-DONE] s1->s2 bottleneck=1.0 Mbps
[PATH-COMPUTED] s1→s2: 2 hop(s) 6 flow entries
[WP-DONE] s1->s3 bottleneck=1.0 Mbps
[PATH-COMPUTED] s1→s3: 3 hop(s) 8 flow entries
[WP-DONE] s1->s4 bottleneck=1.0 Mbps
[PATH-COMPUTED] s1→s4: 2 hop(s) 6 flow entries
[WP-DONE] s1->s5 bottleneck=1.0 Mbps
[PATH-COMPUTED] s1→s5: 3 hop(s) 8 flow entries
[WP-DONE] s1->s6 bottleneck=1.0 Mbps
[PATH-COMPUTED] s1→s6: 4 hop(s) 10 flow entries
[WP-DONE] s1->s7 bottleneck=1.0 Mbps
[PATH-COMPUTED] s1→s7: 1 hop(s) 4 flow entries
[WP-DONE] s1->s8 bottleneck=1.0 Mbps
[PATH-COMPUTED] s1→s8: 1 hop(s) 4 flow entries
[WP-DONE] s1->s9 bottleneck=1.0 Mbps
[PATH-COMPUTED] s1→s9: 3 hop(s) 8 flow entries
[WP-DONE] s2->s248615469738571 bottleneck=1.0 Mbps
[PATH-COMPUTED] s2→s248615469738571: 2 hop(s) 6 flow entries
[WP-DONE] s2->s1 bottleneck=1.0 Mbps
[PATH-COMPUTED] s2→s1: 2 hop(s) 6 flow entries
[WP-DONE] s2->s3 bottleneck=1.0 Mbps
[PATH-COMPUTED] s2→s3: 2 hop(s) 6 flow entries
[WP-DONE] s2->s4 bottleneck=1.0 Mbps
[PATH-COMPUTED] s2→s4: 3 hop(s) 8 flow entries
[WP-DONE] s2->s5 bottleneck=100.0 Mbps
[PATH-COMPUTED] s2→s5: 1 hop(s) 4 flow entries
[WP-DONE] s2->s6 bottleneck=1.0 Mbps
[PATH-COMPUTED] s2→s6: 5 hop(s) 12 flow entries
[WP-DONE] s2->s7 bottleneck=1.0 Mbps
[PATH-COMPUTED] s2→s7: 1 hop(s) 4 flow entries
[WP-DONE] s2->s8 bottleneck=1.0 Mbps
[PATH-COMPUTED] s2→s8: 3 hop(s) 8 flow entries
[WP-DONE] s2->s9 bottleneck=1.0 Mbps
[PATH-COMPUTED] s2→s9: 4 hop(s) 10 flow entries
[WP-DONE] s3->s248615469738571 bottleneck=1.0 Mbps
[PATH-COMPUTED] s3→s248615469738571: 2 hop(s) 6 flow entries
[WP-DONE] s3->s1 bottleneck=1.0 Mbps
[PATH-COMPUTED] s3→s1: 3 hop(s) 8 flow entries
[WP-DONE] s3->s2 bottleneck=1.0 Mbps
[PATH-COMPUTED] s3→s2: 2 hop(s) 6 flow entries
[WP-DONE] s3->s4 bottleneck=100.0 Mbps
[PATH-COMPUTED] s3→s4: 1 hop(s) 4 flow entries
[WP-DONE] s3->s5 bottleneck=1.0 Mbps
[PATH-COMPUTED] s3→s5: 1 hop(s) 4 flow entries
[WP-DONE] s3->s6 bottleneck=1.0 Mbps
[PATH-COMPUTED] s3→s6: 3 hop(s) 8 flow entries
[WP-DONE] s3->s7 bottleneck=1.0 Mbps
[PATH-COMPUTED] s3→s7: 2 hop(s) 6 flow entries
[WP-DONE] s3->s8 bottleneck=1.0 Mbps
[PATH-COMPUTED] s3→s8: 1 hop(s) 4 flow entries
[WP-DONE] s3->s9 bottleneck=1.0 Mbps
[PATH-COMPUTED] s3→s9: 2 hop(s) 6 flow entries
[WP-DONE] s4->s248615469738571 bottleneck=1.0 Mbps
[PATH-COMPUTED] s4→s248615469738571: 3 hop(s) 8 flow entries
[WP-DONE] s4->s1 bottleneck=1.0 Mbps
[PATH-COMPUTED] s4→s1: 2 hop(s) 6 flow entries
[WP-DONE] s4->s2 bottleneck=1.0 Mbps
[PATH-COMPUTED] s4→s2: 3 hop(s) 8 flow entries
[WP-DONE] s4->s3 bottleneck=100.0 Mbps
[PATH-COMPUTED] s4→s3: 1 hop(s) 4 flow entries
[WP-DONE] s4->s5 bottleneck=1.0 Mbps
[PATH-COMPUTED] s4→s5: 2 hop(s) 6 flow entries
[WP-DONE] s4->s6 bottleneck=1.0 Mbps
[PATH-COMPUTED] s4→s6: 2 hop(s) 6 flow entries
[WP-DONE] s4->s7 bottleneck=1.0 Mbps
[PATH-COMPUTED] s4→s7: 1 hop(s) 4 flow entries
[WP-DONE] s4->s8 bottleneck=1.0 Mbps
[PATH-COMPUTED] s4→s8: 2 hop(s) 6 flow entries
[WP-DONE] s4->s9 bottleneck=1.0 Mbps
[PATH-COMPUTED] s4→s9: 1 hop(s) 4 flow entries
[WP-DONE] s5->s248615469738571 bottleneck=1.0 Mbps
[PATH-COMPUTED] s5→s248615469738571: 1 hop(s) 4 flow entries
[WP-DONE] s5->s1 bottleneck=1.0 Mbps
[PATH-COMPUTED] s5→s1: 3 hop(s) 8 flow entries
[WP-DONE] s5->s2 bottleneck=100.0 Mbps
[PATH-COMPUTED] s5→s2: 1 hop(s) 4 flow entries
[WP-DONE] s5->s3 bottleneck=1.0 Mbps
[PATH-COMPUTED] s5→s3: 1 hop(s) 4 flow entries
[WP-DONE] s5->s4 bottleneck=1.0 Mbps
[PATH-COMPUTED] s5→s4: 2 hop(s) 6 flow entries
[WP-DONE] s5->s6 bottleneck=1.0 Mbps
[PATH-COMPUTED] s5→s6: 4 hop(s) 10 flow entries
[WP-DONE] s5->s7 bottleneck=1.0 Mbps
[PATH-COMPUTED] s5→s7: 2 hop(s) 6 flow entries
[WP-DONE] s5->s8 bottleneck=1.0 Mbps
[PATH-COMPUTED] s5→s8: 2 hop(s) 6 flow entries
[WP-DONE] s5->s9 bottleneck=1.0 Mbps
[PATH-COMPUTED] s5→s9: 3 hop(s) 8 flow entries
[WP-DONE] s6->s248615469738571 bottleneck=1.0 Mbps
[PATH-COMPUTED] s6→s248615469738571: 5 hop(s) 12 flow entries
[WP-DONE] s6->s1 bottleneck=1.0 Mbps
[PATH-COMPUTED] s6→s1: 4 hop(s) 10 flow entries
[WP-DONE] s6->s2 bottleneck=1.0 Mbps
[PATH-COMPUTED] s6→s2: 5 hop(s) 12 flow entries
[WP-DONE] s6->s3 bottleneck=1.0 Mbps
[PATH-COMPUTED] s6→s3: 3 hop(s) 8 flow entries
[WP-DONE] s6->s4 bottleneck=1.0 Mbps
[PATH-COMPUTED] s6→s4: 2 hop(s) 6 flow entries
[WP-DONE] s6->s5 bottleneck=1.0 Mbps
[PATH-COMPUTED] s6→s5: 4 hop(s) 10 flow entries
[WP-DONE] s6->s7 bottleneck=1.0 Mbps
[PATH-COMPUTED] s6→s7: 3 hop(s) 8 flow entries
[WP-DONE] s6->s8 bottleneck=1.0 Mbps
[PATH-COMPUTED] s6→s8: 2 hop(s) 6 flow entries
[WP-DONE] s6->s9 bottleneck=1.0 Mbps
[PATH-COMPUTED] s6→s9: 1 hop(s) 4 flow entries
[WP-DONE] s7->s248615469738571 bottleneck=1.0 Mbps
[PATH-COMPUTED] s7→s248615469738571: 2 hop(s) 6 flow entries
[WP-DONE] s7->s1 bottleneck=1.0 Mbps
[PATH-COMPUTED] s7→s1: 1 hop(s) 4 flow entries
[WP-DONE] s7->s2 bottleneck=1.0 Mbps
[PATH-COMPUTED] s7→s2: 1 hop(s) 4 flow entries
[WP-DONE] s7->s3 bottleneck=1.0 Mbps
[PATH-COMPUTED] s7→s3: 2 hop(s) 6 flow entries
[WP-DONE] s7->s4 bottleneck=1.0 Mbps
[PATH-COMPUTED] s7→s4: 1 hop(s) 4 flow entries
[WP-DONE] s7->s5 bottleneck=1.0 Mbps
[PATH-COMPUTED] s7→s5: 2 hop(s) 6 flow entries
[WP-DONE] s7->s6 bottleneck=1.0 Mbps
[PATH-COMPUTED] s7→s6: 3 hop(s) 8 flow entries
[WP-DONE] s7->s8 bottleneck=1.0 Mbps
[PATH-COMPUTED] s7→s8: 2 hop(s) 6 flow entries
[WP-DONE] s7->s9 bottleneck=1.0 Mbps
[PATH-COMPUTED] s7→s9: 2 hop(s) 6 flow entries
[WP-DONE] s8->s248615469738571 bottleneck=1.0 Mbps
[PATH-COMPUTED] s8→s248615469738571: 2 hop(s) 6 flow entries
[WP-DONE] s8->s1 bottleneck=1.0 Mbps
[PATH-COMPUTED] s8→s1: 1 hop(s) 4 flow entries
[WP-DONE] s8->s2 bottleneck=1.0 Mbps
[PATH-COMPUTED] s8→s2: 3 hop(s) 8 flow entries
[WP-DONE] s8->s3 bottleneck=1.0 Mbps
[PATH-COMPUTED] s8→s3: 1 hop(s) 4 flow entries
[WP-DONE] s8->s4 bottleneck=1.0 Mbps
[PATH-COMPUTED] s8→s4: 2 hop(s) 6 flow entries
[WP-DONE] s8->s5 bottleneck=1.0 Mbps
[PATH-COMPUTED] s8→s5: 2 hop(s) 6 flow entries
[WP-DONE] s8->s6 bottleneck=1.0 Mbps
[PATH-COMPUTED] s8→s6: 2 hop(s) 6 flow entries
[WP-DONE] s8->s7 bottleneck=1.0 Mbps
[PATH-COMPUTED] s8→s7: 2 hop(s) 6 flow entries
[WP-DONE] s8->s9 bottleneck=1.0 Mbps
[PATH-COMPUTED] s8→s9: 1 hop(s) 4 flow entries
[WP-DONE] s9->s248615469738571 bottleneck=1.0 Mbps
[PATH-COMPUTED] s9→s248615469738571: 4 hop(s) 10 flow entries
[WP-DONE] s9->s1 bottleneck=1.0 Mbps
[PATH-COMPUTED] s9→s1: 3 hop(s) 8 flow entries
[WP-DONE] s9->s2 bottleneck=1.0 Mbps
[PATH-COMPUTED] s9→s2: 4 hop(s) 10 flow entries
[WP-DONE] s9->s3 bottleneck=1.0 Mbps
[PATH-COMPUTED] s9→s3: 2 hop(s) 6 flow entries
[WP-DONE] s9->s4 bottleneck=1.0 Mbps
[PATH-COMPUTED] s9→s4: 1 hop(s) 4 flow entries
[WP-DONE] s9->s5 bottleneck=1.0 Mbps
[PATH-COMPUTED] s9→s5: 3 hop(s) 8 flow entries
[WP-DONE] s9->s6 bottleneck=1.0 Mbps
[PATH-COMPUTED] s9→s6: 1 hop(s) 4 flow entries
[WP-DONE] s9->s7 bottleneck=1.0 Mbps
[PATH-COMPUTED] s9→s7: 2 hop(s) 6 flow entries
[WP-DONE] s9->s8 bottleneck=1.0 Mbps
[PATH-COMPUTED] s9→s8: 1 hop(s) 4 flow entries
[TOPO] route refresh: installed=90 skipped=0 unreachable=0 hosts=10
[TOPO-CHANGE] switches=10 links=24  delta +2 -4
[TOPO-UP]   [(2, 6), (6, 2)]
[TOPO-DOWN] [(1, 248615469738571), (2, 5), (5, 2), (248615469738571, 1)]
[TOPO-REFRESH] flushing 90 flows, rebuilding routes
[TREE-DONE] root=s1 tree_edges=10 reachable=10/10
[WP-DONE] s248615469738571->s1 bottleneck=1.0 Mbps
[PATH-COMPUTED] s248615469738571→s1: 5 hop(s) 12 flow entries
[WP-DONE] s248615469738571->s2 bottleneck=1.0 Mbps
[PATH-COMPUTED] s248615469738571→s2: 5 hop(s) 12 flow entries
[WP-DONE] s248615469738571->s3 bottleneck=1.0 Mbps
[PATH-COMPUTED] s248615469738571→s3: 2 hop(s) 6 flow entries
[WP-DONE] s248615469738571->s4 bottleneck=1.0 Mbps
[PATH-COMPUTED] s248615469738571→s4: 3 hop(s) 8 flow entries
[WP-DONE] s248615469738571->s5 bottleneck=1.0 Mbps
[PATH-COMPUTED] s248615469738571→s5: 1 hop(s) 4 flow entries
[WP-DONE] s248615469738571->s6 bottleneck=1.0 Mbps
[PATH-COMPUTED] s248615469738571→s6: 6 hop(s) 14 flow entries
[WP-DONE] s248615469738571->s7 bottleneck=1.0 Mbps
[PATH-COMPUTED] s248615469738571→s7: 4 hop(s) 10 flow entries
[WP-DONE] s248615469738571->s8 bottleneck=1.0 Mbps
[PATH-COMPUTED] s248615469738571→s8: 3 hop(s) 8 flow entries
[WP-DONE] s248615469738571->s9 bottleneck=1.0 Mbps
[PATH-COMPUTED] s248615469738571→s9: 4 hop(s) 10 flow entries
[WP-DONE] s1->s248615469738571 bottleneck=1.0 Mbps
[PATH-COMPUTED] s1→s248615469738571: 5 hop(s) 12 flow entries
[WP-DONE] s1->s2 bottleneck=1.0 Mbps
[PATH-COMPUTED] s1→s2: 2 hop(s) 6 flow entries
[WP-DONE] s1->s3 bottleneck=1.0 Mbps
[PATH-COMPUTED] s1→s3: 3 hop(s) 8 flow entries
[WP-DONE] s1->s4 bottleneck=1.0 Mbps
[PATH-COMPUTED] s1→s4: 2 hop(s) 6 flow entries
[WP-DONE] s1->s5 bottleneck=1.0 Mbps
[PATH-COMPUTED] s1→s5: 4 hop(s) 10 flow entries
[WP-DONE] s1->s6 bottleneck=1.0 Mbps
[PATH-COMPUTED] s1→s6: 3 hop(s) 8 flow entries
[WP-DONE] s1->s7 bottleneck=1.0 Mbps
[PATH-COMPUTED] s1→s7: 1 hop(s) 4 flow entries
[WP-DONE] s1->s8 bottleneck=1.0 Mbps
[PATH-COMPUTED] s1→s8: 1 hop(s) 4 flow entries
[WP-DONE] s1->s9 bottleneck=1.0 Mbps
[PATH-COMPUTED] s1→s9: 3 hop(s) 8 flow entries
[WP-DONE] s2->s248615469738571 bottleneck=1.0 Mbps
[PATH-COMPUTED] s2→s248615469738571: 5 hop(s) 12 flow entries
[WP-DONE] s2->s1 bottleneck=1.0 Mbps
[PATH-COMPUTED] s2→s1: 2 hop(s) 6 flow entries
[WP-DONE] s2->s3 bottleneck=1.0 Mbps
[PATH-COMPUTED] s2→s3: 3 hop(s) 8 flow entries
[WP-DONE] s2->s4 bottleneck=1.0 Mbps
[PATH-COMPUTED] s2→s4: 2 hop(s) 6 flow entries
[WP-DONE] s2->s5 bottleneck=1.0 Mbps
[PATH-COMPUTED] s2→s5: 4 hop(s) 10 flow entries
[WP-DONE] s2->s6 bottleneck=1.0 Mbps
[PATH-COMPUTED] s2→s6: 1 hop(s) 4 flow entries
[WP-DONE] s2->s7 bottleneck=1.0 Mbps
[PATH-COMPUTED] s2→s7: 1 hop(s) 4 flow entries
[WP-DONE] s2->s8 bottleneck=1.0 Mbps
[PATH-COMPUTED] s2→s8: 3 hop(s) 8 flow entries
[WP-DONE] s2->s9 bottleneck=1.0 Mbps
[PATH-COMPUTED] s2→s9: 2 hop(s) 6 flow entries
[WP-DONE] s3->s248615469738571 bottleneck=1.0 Mbps
[PATH-COMPUTED] s3→s248615469738571: 2 hop(s) 6 flow entries
[WP-DONE] s3->s1 bottleneck=1.0 Mbps
[PATH-COMPUTED] s3→s1: 3 hop(s) 8 flow entries
[WP-DONE] s3->s2 bottleneck=1.0 Mbps
[PATH-COMPUTED] s3→s2: 3 hop(s) 8 flow entries
[WP-DONE] s3->s4 bottleneck=100.0 Mbps
[PATH-COMPUTED] s3→s4: 1 hop(s) 4 flow entries
[WP-DONE] s3->s5 bottleneck=1.0 Mbps
[PATH-COMPUTED] s3→s5: 1 hop(s) 4 flow entries
[WP-DONE] s3->s6 bottleneck=1.0 Mbps
[PATH-COMPUTED] s3→s6: 4 hop(s) 10 flow entries
[WP-DONE] s3->s7 bottleneck=1.0 Mbps
[PATH-COMPUTED] s3→s7: 2 hop(s) 6 flow entries
[WP-DONE] s3->s8 bottleneck=1.0 Mbps
[PATH-COMPUTED] s3→s8: 1 hop(s) 4 flow entries
[WP-DONE] s3->s9 bottleneck=1.0 Mbps
[PATH-COMPUTED] s3→s9: 2 hop(s) 6 flow entries
[WP-DONE] s4->s248615469738571 bottleneck=1.0 Mbps
[PATH-COMPUTED] s4→s248615469738571: 3 hop(s) 8 flow entries
[WP-DONE] s4->s1 bottleneck=1.0 Mbps
[PATH-COMPUTED] s4→s1: 2 hop(s) 6 flow entries
[WP-DONE] s4->s2 bottleneck=1.0 Mbps
[PATH-COMPUTED] s4→s2: 2 hop(s) 6 flow entries
[WP-DONE] s4->s3 bottleneck=100.0 Mbps
[PATH-COMPUTED] s4→s3: 1 hop(s) 4 flow entries
[WP-DONE] s4->s5 bottleneck=1.0 Mbps
[PATH-COMPUTED] s4→s5: 2 hop(s) 6 flow entries
[WP-DONE] s4->s6 bottleneck=1.0 Mbps
[PATH-COMPUTED] s4→s6: 3 hop(s) 8 flow entries
[WP-DONE] s4->s7 bottleneck=1.0 Mbps
[PATH-COMPUTED] s4→s7: 1 hop(s) 4 flow entries
[WP-DONE] s4->s8 bottleneck=1.0 Mbps
[PATH-COMPUTED] s4→s8: 2 hop(s) 6 flow entries
[WP-DONE] s4->s9 bottleneck=1.0 Mbps
[PATH-COMPUTED] s4→s9: 1 hop(s) 4 flow entries
[WP-DONE] s5->s248615469738571 bottleneck=1.0 Mbps
[PATH-COMPUTED] s5→s248615469738571: 1 hop(s) 4 flow entries
[WP-DONE] s5->s1 bottleneck=1.0 Mbps
[PATH-COMPUTED] s5→s1: 4 hop(s) 10 flow entries
[WP-DONE] s5->s2 bottleneck=1.0 Mbps
[PATH-COMPUTED] s5→s2: 4 hop(s) 10 flow entries
[WP-DONE] s5->s3 bottleneck=1.0 Mbps
[PATH-COMPUTED] s5→s3: 1 hop(s) 4 flow entries
[WP-DONE] s5->s4 bottleneck=1.0 Mbps
[PATH-COMPUTED] s5→s4: 2 hop(s) 6 flow entries
[WP-DONE] s5->s6 bottleneck=1.0 Mbps
[PATH-COMPUTED] s5→s6: 5 hop(s) 12 flow entries
[WP-DONE] s5->s7 bottleneck=1.0 Mbps
[PATH-COMPUTED] s5→s7: 3 hop(s) 8 flow entries
[WP-DONE] s5->s8 bottleneck=1.0 Mbps
[PATH-COMPUTED] s5→s8: 2 hop(s) 6 flow entries
[WP-DONE] s5->s9 bottleneck=1.0 Mbps
[PATH-COMPUTED] s5→s9: 3 hop(s) 8 flow entries
[WP-DONE] s6->s248615469738571 bottleneck=1.0 Mbps
[PATH-COMPUTED] s6→s248615469738571: 6 hop(s) 14 flow entries
[WP-DONE] s6->s1 bottleneck=1.0 Mbps
[PATH-COMPUTED] s6→s1: 3 hop(s) 8 flow entries
[WP-DONE] s6->s2 bottleneck=1.0 Mbps
[PATH-COMPUTED] s6→s2: 1 hop(s) 4 flow entries
[WP-DONE] s6->s3 bottleneck=1.0 Mbps
[PATH-COMPUTED] s6→s3: 4 hop(s) 10 flow entries
[WP-DONE] s6->s4 bottleneck=1.0 Mbps
[PATH-COMPUTED] s6→s4: 3 hop(s) 8 flow entries
[WP-DONE] s6->s5 bottleneck=1.0 Mbps
[PATH-COMPUTED] s6→s5: 5 hop(s) 12 flow entries
[WP-DONE] s6->s7 bottleneck=1.0 Mbps
[PATH-COMPUTED] s6→s7: 2 hop(s) 6 flow entries
[WP-DONE] s6->s8 bottleneck=1.0 Mbps
[PATH-COMPUTED] s6→s8: 4 hop(s) 10 flow entries
[WP-DONE] s6->s9 bottleneck=1.0 Mbps
[PATH-COMPUTED] s6→s9: 1 hop(s) 4 flow entries
[WP-DONE] s7->s248615469738571 bottleneck=1.0 Mbps
[PATH-COMPUTED] s7→s248615469738571: 4 hop(s) 10 flow entries
[WP-DONE] s7->s1 bottleneck=1.0 Mbps
[PATH-COMPUTED] s7→s1: 1 hop(s) 4 flow entries
[WP-DONE] s7->s2 bottleneck=1.0 Mbps
[PATH-COMPUTED] s7→s2: 1 hop(s) 4 flow entries
[WP-DONE] s7->s3 bottleneck=1.0 Mbps
[PATH-COMPUTED] s7→s3: 2 hop(s) 6 flow entries
[WP-DONE] s7->s4 bottleneck=1.0 Mbps
[PATH-COMPUTED] s7→s4: 1 hop(s) 4 flow entries
[WP-DONE] s7->s5 bottleneck=1.0 Mbps
[PATH-COMPUTED] s7→s5: 3 hop(s) 8 flow entries
[WP-DONE] s7->s6 bottleneck=1.0 Mbps
[PATH-COMPUTED] s7→s6: 2 hop(s) 6 flow entries
[WP-DONE] s7->s8 bottleneck=1.0 Mbps
[PATH-COMPUTED] s7→s8: 2 hop(s) 6 flow entries
[WP-DONE] s7->s9 bottleneck=1.0 Mbps
[PATH-COMPUTED] s7→s9: 2 hop(s) 6 flow entries
[WP-DONE] s8->s248615469738571 bottleneck=1.0 Mbps
[PATH-COMPUTED] s8→s248615469738571: 3 hop(s) 8 flow entries
[WP-DONE] s8->s1 bottleneck=1.0 Mbps
[PATH-COMPUTED] s8→s1: 1 hop(s) 4 flow entries
[WP-DONE] s8->s2 bottleneck=1.0 Mbps
[PATH-COMPUTED] s8→s2: 3 hop(s) 8 flow entries
[WP-DONE] s8->s3 bottleneck=1.0 Mbps
[PATH-COMPUTED] s8→s3: 1 hop(s) 4 flow entries
[WP-DONE] s8->s4 bottleneck=1.0 Mbps
[PATH-COMPUTED] s8→s4: 2 hop(s) 6 flow entries
[WP-DONE] s8->s5 bottleneck=1.0 Mbps
[PATH-COMPUTED] s8→s5: 2 hop(s) 6 flow entries
[WP-DONE] s8->s6 bottleneck=1.0 Mbps
[PATH-COMPUTED] s8→s6: 4 hop(s) 10 flow entries
[WP-DONE] s8->s7 bottleneck=1.0 Mbps
[PATH-COMPUTED] s8→s7: 2 hop(s) 6 flow entries
[WP-DONE] s8->s9 bottleneck=1.0 Mbps
[PATH-COMPUTED] s8→s9: 1 hop(s) 4 flow entries
[WP-DONE] s9->s248615469738571 bottleneck=1.0 Mbps
[PATH-COMPUTED] s9→s248615469738571: 4 hop(s) 10 flow entries
[WP-DONE] s9->s1 bottleneck=1.0 Mbps
[PATH-COMPUTED] s9→s1: 3 hop(s) 8 flow entries
[WP-DONE] s9->s2 bottleneck=1.0 Mbps
[PATH-COMPUTED] s9→s2: 2 hop(s) 6 flow entries
[WP-DONE] s9->s3 bottleneck=1.0 Mbps
[PATH-COMPUTED] s9→s3: 2 hop(s) 6 flow entries
[WP-DONE] s9->s4 bottleneck=1.0 Mbps
[PATH-COMPUTED] s9→s4: 1 hop(s) 4 flow entries
[WP-DONE] s9->s5 bottleneck=1.0 Mbps
[PATH-COMPUTED] s9→s5: 3 hop(s) 8 flow entries
[WP-DONE] s9->s6 bottleneck=1.0 Mbps
[PATH-COMPUTED] s9→s6: 1 hop(s) 4 flow entries
[WP-DONE] s9->s7 bottleneck=1.0 Mbps
[PATH-COMPUTED] s9→s7: 2 hop(s) 6 flow entries
[WP-DONE] s9->s8 bottleneck=1.0 Mbps
[PATH-COMPUTED] s9→s8: 1 hop(s) 4 flow entries
[TOPO] route refresh: installed=90 skipped=0 unreachable=0 hosts=10
[TOPO-CHANGE] switches=10 links=18  delta +0 -6
[TOPO-DOWN] [(2, 7), (3, 4), (3, 8), (4, 3), (7, 2), (8, 3)]
[TOPO-REFRESH] flushing 90 flows, rebuilding routes
[TREE-DONE] root=s1 tree_edges=7 reachable=7/10
[WP-UNREACHABLE] s248615469738571->s1 no path with non-zero bandwidth
[ROUTE-INSTALL] 00:00:00:00:00:01→00:00:00:00:01:01 no path (s248615469738571→s1)
[WP-UNREACHABLE] s248615469738571->s2 no path with non-zero bandwidth
[ROUTE-INSTALL] 00:00:00:00:00:01→00:00:00:00:02:01 no path (s248615469738571→s2)
[WP-DONE] s248615469738571->s3 bottleneck=1.0 Mbps
[PATH-COMPUTED] s248615469738571→s3: 2 hop(s) 6 flow entries
[WP-UNREACHABLE] s248615469738571->s4 no path with non-zero bandwidth
[ROUTE-INSTALL] 00:00:00:00:00:01→00:00:00:00:04:01 no path (s248615469738571→s4)
[WP-DONE] s248615469738571->s5 bottleneck=1.0 Mbps
[PATH-COMPUTED] s248615469738571→s5: 1 hop(s) 4 flow entries
[WP-UNREACHABLE] s248615469738571->s6 no path with non-zero bandwidth
[ROUTE-INSTALL] 00:00:00:00:00:01→00:00:00:00:06:01 no path (s248615469738571→s6)
[WP-UNREACHABLE] s248615469738571->s7 no path with non-zero bandwidth
[ROUTE-INSTALL] 00:00:00:00:00:01→00:00:00:00:07:01 no path (s248615469738571→s7)
[WP-UNREACHABLE] s248615469738571->s8 no path with non-zero bandwidth
[ROUTE-INSTALL] 00:00:00:00:00:01→00:00:00:00:08:01 no path (s248615469738571→s8)
[WP-UNREACHABLE] s248615469738571->s9 no path with non-zero bandwidth
[ROUTE-INSTALL] 00:00:00:00:00:01→00:00:00:00:09:01 no path (s248615469738571→s9)
[WP-UNREACHABLE] s1->s248615469738571 no path with non-zero bandwidth
[ROUTE-INSTALL] 00:00:00:00:01:01→00:00:00:00:00:01 no path (s1→s248615469738571)
[WP-DONE] s1->s2 bottleneck=1.0 Mbps
[PATH-COMPUTED] s1→s2: 5 hop(s) 12 flow entries
[WP-UNREACHABLE] s1->s3 no path with non-zero bandwidth
[ROUTE-INSTALL] 00:00:00:00:01:01→00:00:00:00:03:01 no path (s1→s3)
[WP-DONE] s1->s4 bottleneck=1.0 Mbps
[PATH-COMPUTED] s1→s4: 2 hop(s) 6 flow entries
[WP-UNREACHABLE] s1->s5 no path with non-zero bandwidth
[ROUTE-INSTALL] 00:00:00:00:01:01→00:00:00:00:05:01 no path (s1→s5)
[WP-DONE] s1->s6 bottleneck=1.0 Mbps
[PATH-COMPUTED] s1→s6: 4 hop(s) 10 flow entries
[WP-DONE] s1->s7 bottleneck=1.0 Mbps
[PATH-COMPUTED] s1→s7: 1 hop(s) 4 flow entries
[WP-DONE] s1->s8 bottleneck=1.0 Mbps
[PATH-COMPUTED] s1→s8: 1 hop(s) 4 flow entries
[WP-DONE] s1->s9 bottleneck=1.0 Mbps
[PATH-COMPUTED] s1→s9: 3 hop(s) 8 flow entries
[WP-UNREACHABLE] s2->s248615469738571 no path with non-zero bandwidth
[ROUTE-INSTALL] 00:00:00:00:02:01→00:00:00:00:00:01 no path (s2→s248615469738571)
[WP-DONE] s2->s1 bottleneck=1.0 Mbps
[PATH-COMPUTED] s2→s1: 5 hop(s) 12 flow entries
[WP-UNREACHABLE] s2->s3 no path with non-zero bandwidth
[ROUTE-INSTALL] 00:00:00:00:02:01→00:00:00:00:03:01 no path (s2→s3)
[WP-DONE] s2->s4 bottleneck=1.0 Mbps
[PATH-COMPUTED] s2→s4: 3 hop(s) 8 flow entries
[WP-UNREACHABLE] s2->s5 no path with non-zero bandwidth
[ROUTE-INSTALL] 00:00:00:00:02:01→00:00:00:00:05:01 no path (s2→s5)
[WP-DONE] s2->s6 bottleneck=1.0 Mbps
[PATH-COMPUTED] s2→s6: 1 hop(s) 4 flow entries
[WP-DONE] s2->s7 bottleneck=1.0 Mbps
[PATH-COMPUTED] s2→s7: 4 hop(s) 10 flow entries
[WP-DONE] s2->s8 bottleneck=1.0 Mbps
[PATH-COMPUTED] s2→s8: 3 hop(s) 8 flow entries
[WP-DONE] s2->s9 bottleneck=1.0 Mbps
[PATH-COMPUTED] s2→s9: 2 hop(s) 6 flow entries
[WP-DONE] s3->s248615469738571 bottleneck=1.0 Mbps
[PATH-COMPUTED] s3→s248615469738571: 2 hop(s) 6 flow entries
[WP-UNREACHABLE] s3->s1 no path with non-zero bandwidth
[ROUTE-INSTALL] 00:00:00:00:03:01→00:00:00:00:01:01 no path (s3→s1)
[WP-UNREACHABLE] s3->s2 no path with non-zero bandwidth
[ROUTE-INSTALL] 00:00:00:00:03:01→00:00:00:00:02:01 no path (s3→s2)
[WP-UNREACHABLE] s3->s4 no path with non-zero bandwidth
[ROUTE-INSTALL] 00:00:00:00:03:01→00:00:00:00:04:01 no path (s3→s4)
[WP-DONE] s3->s5 bottleneck=1.0 Mbps
[PATH-COMPUTED] s3→s5: 1 hop(s) 4 flow entries
[WP-UNREACHABLE] s3->s6 no path with non-zero bandwidth
[ROUTE-INSTALL] 00:00:00:00:03:01→00:00:00:00:06:01 no path (s3→s6)
[WP-UNREACHABLE] s3->s7 no path with non-zero bandwidth
[ROUTE-INSTALL] 00:00:00:00:03:01→00:00:00:00:07:01 no path (s3→s7)
[WP-UNREACHABLE] s3->s8 no path with non-zero bandwidth
[ROUTE-INSTALL] 00:00:00:00:03:01→00:00:00:00:08:01 no path (s3→s8)
[WP-UNREACHABLE] s3->s9 no path with non-zero bandwidth
[ROUTE-INSTALL] 00:00:00:00:03:01→00:00:00:00:09:01 no path (s3→s9)
[WP-UNREACHABLE] s4->s248615469738571 no path with non-zero bandwidth
[ROUTE-INSTALL] 00:00:00:00:04:01→00:00:00:00:00:01 no path (s4→s248615469738571)
[WP-DONE] s4->s1 bottleneck=1.0 Mbps
[PATH-COMPUTED] s4→s1: 2 hop(s) 6 flow entries
[WP-DONE] s4->s2 bottleneck=1.0 Mbps
[PATH-COMPUTED] s4→s2: 3 hop(s) 8 flow entries
[WP-UNREACHABLE] s4->s3 no path with non-zero bandwidth
[ROUTE-INSTALL] 00:00:00:00:04:01→00:00:00:00:03:01 no path (s4→s3)
[WP-UNREACHABLE] s4->s5 no path with non-zero bandwidth
[ROUTE-INSTALL] 00:00:00:00:04:01→00:00:00:00:05:01 no path (s4→s5)
[WP-DONE] s4->s6 bottleneck=1.0 Mbps
[PATH-COMPUTED] s4→s6: 2 hop(s) 6 flow entries
[WP-DONE] s4->s7 bottleneck=1.0 Mbps
[PATH-COMPUTED] s4→s7: 1 hop(s) 4 flow entries
[WP-DONE] s4->s8 bottleneck=1.0 Mbps
[PATH-COMPUTED] s4→s8: 3 hop(s) 8 flow entries
[WP-DONE] s4->s9 bottleneck=1.0 Mbps
[PATH-COMPUTED] s4→s9: 1 hop(s) 4 flow entries
[WP-DONE] s5->s248615469738571 bottleneck=1.0 Mbps
[PATH-COMPUTED] s5→s248615469738571: 1 hop(s) 4 flow entries
[WP-UNREACHABLE] s5->s1 no path with non-zero bandwidth
[ROUTE-INSTALL] 00:00:00:00:05:01→00:00:00:00:01:01 no path (s5→s1)
[WP-UNREACHABLE] s5->s2 no path with non-zero bandwidth
[ROUTE-INSTALL] 00:00:00:00:05:01→00:00:00:00:02:01 no path (s5→s2)
[WP-DONE] s5->s3 bottleneck=1.0 Mbps
[PATH-COMPUTED] s5→s3: 1 hop(s) 4 flow entries
[WP-UNREACHABLE] s5->s4 no path with non-zero bandwidth
[ROUTE-INSTALL] 00:00:00:00:05:01→00:00:00:00:04:01 no path (s5→s4)
[WP-UNREACHABLE] s5->s6 no path with non-zero bandwidth
[ROUTE-INSTALL] 00:00:00:00:05:01→00:00:00:00:06:01 no path (s5→s6)
[WP-UNREACHABLE] s5->s7 no path with non-zero bandwidth
[ROUTE-INSTALL] 00:00:00:00:05:01→00:00:00:00:07:01 no path (s5→s7)
[WP-UNREACHABLE] s5->s8 no path with non-zero bandwidth
[ROUTE-INSTALL] 00:00:00:00:05:01→00:00:00:00:08:01 no path (s5→s8)
[WP-UNREACHABLE] s5->s9 no path with non-zero bandwidth
[ROUTE-INSTALL] 00:00:00:00:05:01→00:00:00:00:09:01 no path (s5→s9)
[WP-UNREACHABLE] s6->s248615469738571 no path with non-zero bandwidth
[ROUTE-INSTALL] 00:00:00:00:06:01→00:00:00:00:00:01 no path (s6→s248615469738571)
[WP-DONE] s6->s1 bottleneck=1.0 Mbps
[PATH-COMPUTED] s6→s1: 4 hop(s) 10 flow entries
[WP-DONE] s6->s2 bottleneck=1.0 Mbps
[PATH-COMPUTED] s6→s2: 1 hop(s) 4 flow entries
[WP-UNREACHABLE] s6->s3 no path with non-zero bandwidth
[ROUTE-INSTALL] 00:00:00:00:06:01→00:00:00:00:03:01 no path (s6→s3)
[WP-DONE] s6->s4 bottleneck=1.0 Mbps
[PATH-COMPUTED] s6→s4: 2 hop(s) 6 flow entries
[WP-UNREACHABLE] s6->s5 no path with non-zero bandwidth
[ROUTE-INSTALL] 00:00:00:00:06:01→00:00:00:00:05:01 no path (s6→s5)
[WP-DONE] s6->s7 bottleneck=1.0 Mbps
[PATH-COMPUTED] s6→s7: 3 hop(s) 8 flow entries
[WP-DONE] s6->s8 bottleneck=1.0 Mbps
[PATH-COMPUTED] s6→s8: 2 hop(s) 6 flow entries
[WP-DONE] s6->s9 bottleneck=1.0 Mbps
[PATH-COMPUTED] s6→s9: 1 hop(s) 4 flow entries
[WP-UNREACHABLE] s7->s248615469738571 no path with non-zero bandwidth
[ROUTE-INSTALL] 00:00:00:00:07:01→00:00:00:00:00:01 no path (s7→s248615469738571)
[WP-DONE] s7->s1 bottleneck=1.0 Mbps
[PATH-COMPUTED] s7→s1: 1 hop(s) 4 flow entries
[WP-DONE] s7->s2 bottleneck=1.0 Mbps
[PATH-COMPUTED] s7→s2: 4 hop(s) 10 flow entries
[WP-UNREACHABLE] s7->s3 no path with non-zero bandwidth
[ROUTE-INSTALL] 00:00:00:00:07:01→00:00:00:00:03:01 no path (s7→s3)
[WP-DONE] s7->s4 bottleneck=1.0 Mbps
[PATH-COMPUTED] s7→s4: 1 hop(s) 4 flow entries
[WP-UNREACHABLE] s7->s5 no path with non-zero bandwidth
[ROUTE-INSTALL] 00:00:00:00:07:01→00:00:00:00:05:01 no path (s7→s5)
[WP-DONE] s7->s6 bottleneck=1.0 Mbps
[PATH-COMPUTED] s7→s6: 3 hop(s) 8 flow entries
[WP-DONE] s7->s8 bottleneck=1.0 Mbps
[PATH-COMPUTED] s7→s8: 2 hop(s) 6 flow entries
[WP-DONE] s7->s9 bottleneck=1.0 Mbps
[PATH-COMPUTED] s7→s9: 2 hop(s) 6 flow entries
[WP-UNREACHABLE] s8->s248615469738571 no path with non-zero bandwidth
[ROUTE-INSTALL] 00:00:00:00:08:01→00:00:00:00:00:01 no path (s8→s248615469738571)
[WP-DONE] s8->s1 bottleneck=1.0 Mbps
[PATH-COMPUTED] s8→s1: 1 hop(s) 4 flow entries
[WP-DONE] s8->s2 bottleneck=1.0 Mbps
[PATH-COMPUTED] s8→s2: 3 hop(s) 8 flow entries
[WP-UNREACHABLE] s8->s3 no path with non-zero bandwidth
[ROUTE-INSTALL] 00:00:00:00:08:01→00:00:00:00:03:01 no path (s8→s3)
[WP-DONE] s8->s4 bottleneck=1.0 Mbps
[PATH-COMPUTED] s8→s4: 3 hop(s) 8 flow entries
[WP-UNREACHABLE] s8->s5 no path with non-zero bandwidth
[ROUTE-INSTALL] 00:00:00:00:08:01→00:00:00:00:05:01 no path (s8→s5)
[WP-DONE] s8->s6 bottleneck=1.0 Mbps
[PATH-COMPUTED] s8→s6: 2 hop(s) 6 flow entries
[WP-DONE] s8->s7 bottleneck=1.0 Mbps
[PATH-COMPUTED] s8→s7: 2 hop(s) 6 flow entries
[WP-DONE] s8->s9 bottleneck=1.0 Mbps
[PATH-COMPUTED] s8→s9: 1 hop(s) 4 flow entries
[WP-UNREACHABLE] s9->s248615469738571 no path with non-zero bandwidth
[ROUTE-INSTALL] 00:00:00:00:09:01→00:00:00:00:00:01 no path (s9→s248615469738571)
[WP-DONE] s9->s1 bottleneck=1.0 Mbps
[PATH-COMPUTED] s9→s1: 3 hop(s) 8 flow entries
[WP-DONE] s9->s2 bottleneck=1.0 Mbps
[PATH-COMPUTED] s9→s2: 2 hop(s) 6 flow entries
[WP-UNREACHABLE] s9->s3 no path with non-zero bandwidth
[ROUTE-INSTALL] 00:00:00:00:09:01→00:00:00:00:03:01 no path (s9→s3)
[WP-DONE] s9->s4 bottleneck=1.0 Mbps
[PATH-COMPUTED] s9→s4: 1 hop(s) 4 flow entries
[WP-UNREACHABLE] s9->s5 no path with non-zero bandwidth
[ROUTE-INSTALL] 00:00:00:00:09:01→00:00:00:00:05:01 no path (s9→s5)
[WP-DONE] s9->s6 bottleneck=1.0 Mbps
[PATH-COMPUTED] s9→s6: 1 hop(s) 4 flow entries
[WP-DONE] s9->s7 bottleneck=1.0 Mbps
[PATH-COMPUTED] s9→s7: 2 hop(s) 6 flow entries
[WP-DONE] s9->s8 bottleneck=1.0 Mbps
[PATH-COMPUTED] s9→s8: 1 hop(s) 4 flow entries
[TOPO] route refresh: installed=48 skipped=0 unreachable=42 hosts=10
[TOPO-CHANGE] switches=10 links=14  delta +0 -4
[TOPO-DOWN] [(3, 5), (5, 3), (5, 248615469738571), (248615469738571, 5)]
[TOPO-REFRESH] flushing 48 flows, rebuilding routes
[TREE-DONE] root=s1 tree_edges=7 reachable=7/10
[WP-UNREACHABLE] s248615469738571->s1 no path with non-zero bandwidth
[ROUTE-INSTALL] 00:00:00:00:00:01→00:00:00:00:01:01 no path (s248615469738571→s1)
[WP-UNREACHABLE] s248615469738571->s2 no path with non-zero bandwidth
[ROUTE-INSTALL] 00:00:00:00:00:01→00:00:00:00:02:01 no path (s248615469738571→s2)
[WP-UNREACHABLE] s248615469738571->s3 no path with non-zero bandwidth
[ROUTE-INSTALL] 00:00:00:00:00:01→00:00:00:00:03:01 no path (s248615469738571→s3)
[WP-UNREACHABLE] s248615469738571->s4 no path with non-zero bandwidth
[ROUTE-INSTALL] 00:00:00:00:00:01→00:00:00:00:04:01 no path (s248615469738571→s4)
[WP-UNREACHABLE] s248615469738571->s5 no path with non-zero bandwidth
[ROUTE-INSTALL] 00:00:00:00:00:01→00:00:00:00:05:01 no path (s248615469738571→s5)
[WP-UNREACHABLE] s248615469738571->s6 no path with non-zero bandwidth
[ROUTE-INSTALL] 00:00:00:00:00:01→00:00:00:00:06:01 no path (s248615469738571→s6)
[WP-UNREACHABLE] s248615469738571->s7 no path with non-zero bandwidth
[ROUTE-INSTALL] 00:00:00:00:00:01→00:00:00:00:07:01 no path (s248615469738571→s7)
[WP-UNREACHABLE] s248615469738571->s8 no path with non-zero bandwidth
[ROUTE-INSTALL] 00:00:00:00:00:01→00:00:00:00:08:01 no path (s248615469738571→s8)
[WP-UNREACHABLE] s248615469738571->s9 no path with non-zero bandwidth
[ROUTE-INSTALL] 00:00:00:00:00:01→00:00:00:00:09:01 no path (s248615469738571→s9)
[WP-UNREACHABLE] s1->s248615469738571 no path with non-zero bandwidth
[ROUTE-INSTALL] 00:00:00:00:01:01→00:00:00:00:00:01 no path (s1→s248615469738571)
[WP-DONE] s1->s2 bottleneck=1.0 Mbps
[PATH-COMPUTED] s1→s2: 5 hop(s) 12 flow entries
[WP-UNREACHABLE] s1->s3 no path with non-zero bandwidth
[ROUTE-INSTALL] 00:00:00:00:01:01→00:00:00:00:03:01 no path (s1→s3)
[WP-DONE] s1->s4 bottleneck=1.0 Mbps
[PATH-COMPUTED] s1→s4: 2 hop(s) 6 flow entries
[WP-UNREACHABLE] s1->s5 no path with non-zero bandwidth
[ROUTE-INSTALL] 00:00:00:00:01:01→00:00:00:00:05:01 no path (s1→s5)
[WP-DONE] s1->s6 bottleneck=1.0 Mbps
[PATH-COMPUTED] s1→s6: 4 hop(s) 10 flow entries
[WP-DONE] s1->s7 bottleneck=1.0 Mbps
[PATH-COMPUTED] s1→s7: 1 hop(s) 4 flow entries
[WP-DONE] s1->s8 bottleneck=1.0 Mbps
[PATH-COMPUTED] s1→s8: 1 hop(s) 4 flow entries
[WP-DONE] s1->s9 bottleneck=1.0 Mbps
[PATH-COMPUTED] s1→s9: 3 hop(s) 8 flow entries
[WP-UNREACHABLE] s2->s248615469738571 no path with non-zero bandwidth
[ROUTE-INSTALL] 00:00:00:00:02:01→00:00:00:00:00:01 no path (s2→s248615469738571)
[WP-DONE] s2->s1 bottleneck=1.0 Mbps
[PATH-COMPUTED] s2→s1: 5 hop(s) 12 flow entries
[WP-UNREACHABLE] s2->s3 no path with non-zero bandwidth
[ROUTE-INSTALL] 00:00:00:00:02:01→00:00:00:00:03:01 no path (s2→s3)
[WP-DONE] s2->s4 bottleneck=1.0 Mbps
[PATH-COMPUTED] s2→s4: 3 hop(s) 8 flow entries
[WP-UNREACHABLE] s2->s5 no path with non-zero bandwidth
[ROUTE-INSTALL] 00:00:00:00:02:01→00:00:00:00:05:01 no path (s2→s5)
[WP-DONE] s2->s6 bottleneck=1.0 Mbps
[PATH-COMPUTED] s2→s6: 1 hop(s) 4 flow entries
[WP-DONE] s2->s7 bottleneck=1.0 Mbps
[PATH-COMPUTED] s2→s7: 4 hop(s) 10 flow entries
[WP-DONE] s2->s8 bottleneck=1.0 Mbps
[PATH-COMPUTED] s2→s8: 3 hop(s) 8 flow entries
[WP-DONE] s2->s9 bottleneck=1.0 Mbps
[PATH-COMPUTED] s2→s9: 2 hop(s) 6 flow entries
[WP-UNREACHABLE] s3->s248615469738571 no path with non-zero bandwidth
[ROUTE-INSTALL] 00:00:00:00:03:01→00:00:00:00:00:01 no path (s3→s248615469738571)
[WP-UNREACHABLE] s3->s1 no path with non-zero bandwidth
[ROUTE-INSTALL] 00:00:00:00:03:01→00:00:00:00:01:01 no path (s3→s1)
[WP-UNREACHABLE] s3->s2 no path with non-zero bandwidth
[ROUTE-INSTALL] 00:00:00:00:03:01→00:00:00:00:02:01 no path (s3→s2)
[WP-UNREACHABLE] s3->s4 no path with non-zero bandwidth
[ROUTE-INSTALL] 00:00:00:00:03:01→00:00:00:00:04:01 no path (s3→s4)
[WP-UNREACHABLE] s3->s5 no path with non-zero bandwidth
[ROUTE-INSTALL] 00:00:00:00:03:01→00:00:00:00:05:01 no path (s3→s5)
[WP-UNREACHABLE] s3->s6 no path with non-zero bandwidth
[ROUTE-INSTALL] 00:00:00:00:03:01→00:00:00:00:06:01 no path (s3→s6)
[WP-UNREACHABLE] s3->s7 no path with non-zero bandwidth
[ROUTE-INSTALL] 00:00:00:00:03:01→00:00:00:00:07:01 no path (s3→s7)
[WP-UNREACHABLE] s3->s8 no path with non-zero bandwidth
[ROUTE-INSTALL] 00:00:00:00:03:01→00:00:00:00:08:01 no path (s3→s8)
[WP-UNREACHABLE] s3->s9 no path with non-zero bandwidth
[ROUTE-INSTALL] 00:00:00:00:03:01→00:00:00:00:09:01 no path (s3→s9)
[WP-UNREACHABLE] s4->s248615469738571 no path with non-zero bandwidth
[ROUTE-INSTALL] 00:00:00:00:04:01→00:00:00:00:00:01 no path (s4→s248615469738571)
[WP-DONE] s4->s1 bottleneck=1.0 Mbps
[PATH-COMPUTED] s4→s1: 2 hop(s) 6 flow entries
[WP-DONE] s4->s2 bottleneck=1.0 Mbps
[PATH-COMPUTED] s4→s2: 3 hop(s) 8 flow entries
[WP-UNREACHABLE] s4->s3 no path with non-zero bandwidth
[ROUTE-INSTALL] 00:00:00:00:04:01→00:00:00:00:03:01 no path (s4→s3)
[WP-UNREACHABLE] s4->s5 no path with non-zero bandwidth
[ROUTE-INSTALL] 00:00:00:00:04:01→00:00:00:00:05:01 no path (s4→s5)
[WP-DONE] s4->s6 bottleneck=1.0 Mbps
[PATH-COMPUTED] s4→s6: 2 hop(s) 6 flow entries
[WP-DONE] s4->s7 bottleneck=1.0 Mbps
[PATH-COMPUTED] s4→s7: 1 hop(s) 4 flow entries
[WP-DONE] s4->s8 bottleneck=1.0 Mbps
[PATH-COMPUTED] s4→s8: 3 hop(s) 8 flow entries
[WP-DONE] s4->s9 bottleneck=1.0 Mbps
[PATH-COMPUTED] s4→s9: 1 hop(s) 4 flow entries
[WP-UNREACHABLE] s5->s248615469738571 no path with non-zero bandwidth
[ROUTE-INSTALL] 00:00:00:00:05:01→00:00:00:00:00:01 no path (s5→s248615469738571)
[WP-UNREACHABLE] s5->s1 no path with non-zero bandwidth
[ROUTE-INSTALL] 00:00:00:00:05:01→00:00:00:00:01:01 no path (s5→s1)
[WP-UNREACHABLE] s5->s2 no path with non-zero bandwidth
[ROUTE-INSTALL] 00:00:00:00:05:01→00:00:00:00:02:01 no path (s5→s2)
[WP-UNREACHABLE] s5->s3 no path with non-zero bandwidth
[ROUTE-INSTALL] 00:00:00:00:05:01→00:00:00:00:03:01 no path (s5→s3)
[WP-UNREACHABLE] s5->s4 no path with non-zero bandwidth
[ROUTE-INSTALL] 00:00:00:00:05:01→00:00:00:00:04:01 no path (s5→s4)
[WP-UNREACHABLE] s5->s6 no path with non-zero bandwidth
[ROUTE-INSTALL] 00:00:00:00:05:01→00:00:00:00:06:01 no path (s5→s6)
[WP-UNREACHABLE] s5->s7 no path with non-zero bandwidth
[ROUTE-INSTALL] 00:00:00:00:05:01→00:00:00:00:07:01 no path (s5→s7)
[WP-UNREACHABLE] s5->s8 no path with non-zero bandwidth
[ROUTE-INSTALL] 00:00:00:00:05:01→00:00:00:00:08:01 no path (s5→s8)
[WP-UNREACHABLE] s5->s9 no path with non-zero bandwidth
[ROUTE-INSTALL] 00:00:00:00:05:01→00:00:00:00:09:01 no path (s5→s9)
[WP-UNREACHABLE] s6->s248615469738571 no path with non-zero bandwidth
[ROUTE-INSTALL] 00:00:00:00:06:01→00:00:00:00:00:01 no path (s6→s248615469738571)
[WP-DONE] s6->s1 bottleneck=1.0 Mbps
[PATH-COMPUTED] s6→s1: 4 hop(s) 10 flow entries
[WP-DONE] s6->s2 bottleneck=1.0 Mbps
[PATH-COMPUTED] s6→s2: 1 hop(s) 4 flow entries
[WP-UNREACHABLE] s6->s3 no path with non-zero bandwidth
[ROUTE-INSTALL] 00:00:00:00:06:01→00:00:00:00:03:01 no path (s6→s3)
[WP-DONE] s6->s4 bottleneck=1.0 Mbps
[PATH-COMPUTED] s6→s4: 2 hop(s) 6 flow entries
[WP-UNREACHABLE] s6->s5 no path with non-zero bandwidth
[ROUTE-INSTALL] 00:00:00:00:06:01→00:00:00:00:05:01 no path (s6→s5)
[WP-DONE] s6->s7 bottleneck=1.0 Mbps
[PATH-COMPUTED] s6→s7: 3 hop(s) 8 flow entries
[WP-DONE] s6->s8 bottleneck=1.0 Mbps
[PATH-COMPUTED] s6→s8: 2 hop(s) 6 flow entries
[WP-DONE] s6->s9 bottleneck=1.0 Mbps
[PATH-COMPUTED] s6→s9: 1 hop(s) 4 flow entries
[WP-UNREACHABLE] s7->s248615469738571 no path with non-zero bandwidth
[ROUTE-INSTALL] 00:00:00:00:07:01→00:00:00:00:00:01 no path (s7→s248615469738571)
[WP-DONE] s7->s1 bottleneck=1.0 Mbps
[PATH-COMPUTED] s7→s1: 1 hop(s) 4 flow entries
[WP-DONE] s7->s2 bottleneck=1.0 Mbps
[PATH-COMPUTED] s7→s2: 4 hop(s) 10 flow entries
[WP-UNREACHABLE] s7->s3 no path with non-zero bandwidth
[ROUTE-INSTALL] 00:00:00:00:07:01→00:00:00:00:03:01 no path (s7→s3)
[WP-DONE] s7->s4 bottleneck=1.0 Mbps
[PATH-COMPUTED] s7→s4: 1 hop(s) 4 flow entries
[WP-UNREACHABLE] s7->s5 no path with non-zero bandwidth
[ROUTE-INSTALL] 00:00:00:00:07:01→00:00:00:00:05:01 no path (s7→s5)
[WP-DONE] s7->s6 bottleneck=1.0 Mbps
[PATH-COMPUTED] s7→s6: 3 hop(s) 8 flow entries
[WP-DONE] s7->s8 bottleneck=1.0 Mbps
[PATH-COMPUTED] s7→s8: 2 hop(s) 6 flow entries
[WP-DONE] s7->s9 bottleneck=1.0 Mbps
[PATH-COMPUTED] s7→s9: 2 hop(s) 6 flow entries
[WP-UNREACHABLE] s8->s248615469738571 no path with non-zero bandwidth
[ROUTE-INSTALL] 00:00:00:00:08:01→00:00:00:00:00:01 no path (s8→s248615469738571)
[WP-DONE] s8->s1 bottleneck=1.0 Mbps
[PATH-COMPUTED] s8→s1: 1 hop(s) 4 flow entries
[WP-DONE] s8->s2 bottleneck=1.0 Mbps
[PATH-COMPUTED] s8→s2: 3 hop(s) 8 flow entries
[WP-UNREACHABLE] s8->s3 no path with non-zero bandwidth
[ROUTE-INSTALL] 00:00:00:00:08:01→00:00:00:00:03:01 no path (s8→s3)
[WP-DONE] s8->s4 bottleneck=1.0 Mbps
[PATH-COMPUTED] s8→s4: 3 hop(s) 8 flow entries
[WP-UNREACHABLE] s8->s5 no path with non-zero bandwidth
[ROUTE-INSTALL] 00:00:00:00:08:01→00:00:00:00:05:01 no path (s8→s5)
[WP-DONE] s8->s6 bottleneck=1.0 Mbps
[PATH-COMPUTED] s8→s6: 2 hop(s) 6 flow entries
[WP-DONE] s8->s7 bottleneck=1.0 Mbps
[PATH-COMPUTED] s8→s7: 2 hop(s) 6 flow entries
[WP-DONE] s8->s9 bottleneck=1.0 Mbps
[PATH-COMPUTED] s8→s9: 1 hop(s) 4 flow entries
[WP-UNREACHABLE] s9->s248615469738571 no path with non-zero bandwidth
[ROUTE-INSTALL] 00:00:00:00:09:01→00:00:00:00:00:01 no path (s9→s248615469738571)
[WP-DONE] s9->s1 bottleneck=1.0 Mbps
[PATH-COMPUTED] s9→s1: 3 hop(s) 8 flow entries
[WP-DONE] s9->s2 bottleneck=1.0 Mbps
[PATH-COMPUTED] s9→s2: 2 hop(s) 6 flow entries
[WP-UNREACHABLE] s9->s3 no path with non-zero bandwidth
[ROUTE-INSTALL] 00:00:00:00:09:01→00:00:00:00:03:01 no path (s9→s3)
[WP-DONE] s9->s4 bottleneck=1.0 Mbps
[PATH-COMPUTED] s9→s4: 1 hop(s) 4 flow entries
[WP-UNREACHABLE] s9->s5 no path with non-zero bandwidth
[ROUTE-INSTALL] 00:00:00:00:09:01→00:00:00:00:05:01 no path (s9→s5)
[WP-DONE] s9->s6 bottleneck=1.0 Mbps
[PATH-COMPUTED] s9→s6: 1 hop(s) 4 flow entries
[WP-DONE] s9->s7 bottleneck=1.0 Mbps
[PATH-COMPUTED] s9→s7: 2 hop(s) 6 flow entries
[WP-DONE] s9->s8 bottleneck=1.0 Mbps
[PATH-COMPUTED] s9→s8: 1 hop(s) 4 flow entries
[TOPO] route refresh: installed=42 skipped=0 unreachable=48 hosts=10
[TOPO-CHANGE] switches=10 links=12  delta +0 -2
[TOPO-DOWN] [(2, 6), (6, 2)]
[TOPO-REFRESH] flushing 42 flows, rebuilding routes
[TREE-DONE] root=s1 tree_edges=6 reachable=6/10
[WP-UNREACHABLE] s248615469738571->s1 no path with non-zero bandwidth
[ROUTE-INSTALL] 00:00:00:00:00:01→00:00:00:00:01:01 no path (s248615469738571→s1)
[WP-UNREACHABLE] s248615469738571->s2 no path with non-zero bandwidth
[ROUTE-INSTALL] 00:00:00:00:00:01→00:00:00:00:02:01 no path (s248615469738571→s2)
[WP-UNREACHABLE] s248615469738571->s3 no path with non-zero bandwidth
[ROUTE-INSTALL] 00:00:00:00:00:01→00:00:00:00:03:01 no path (s248615469738571→s3)
[WP-UNREACHABLE] s248615469738571->s4 no path with non-zero bandwidth
[ROUTE-INSTALL] 00:00:00:00:00:01→00:00:00:00:04:01 no path (s248615469738571→s4)
[WP-UNREACHABLE] s248615469738571->s5 no path with non-zero bandwidth
[ROUTE-INSTALL] 00:00:00:00:00:01→00:00:00:00:05:01 no path (s248615469738571→s5)
[WP-UNREACHABLE] s248615469738571->s6 no path with non-zero bandwidth
[ROUTE-INSTALL] 00:00:00:00:00:01→00:00:00:00:06:01 no path (s248615469738571→s6)
[WP-UNREACHABLE] s248615469738571->s7 no path with non-zero bandwidth
[ROUTE-INSTALL] 00:00:00:00:00:01→00:00:00:00:07:01 no path (s248615469738571→s7)
[WP-UNREACHABLE] s248615469738571->s8 no path with non-zero bandwidth
[ROUTE-INSTALL] 00:00:00:00:00:01→00:00:00:00:08:01 no path (s248615469738571→s8)
[WP-UNREACHABLE] s248615469738571->s9 no path with non-zero bandwidth
[ROUTE-INSTALL] 00:00:00:00:00:01→00:00:00:00:09:01 no path (s248615469738571→s9)
[WP-UNREACHABLE] s1->s248615469738571 no path with non-zero bandwidth
[ROUTE-INSTALL] 00:00:00:00:01:01→00:00:00:00:00:01 no path (s1→s248615469738571)
[WP-UNREACHABLE] s1->s2 no path with non-zero bandwidth
[ROUTE-INSTALL] 00:00:00:00:01:01→00:00:00:00:02:01 no path (s1→s2)
[WP-UNREACHABLE] s1->s3 no path with non-zero bandwidth
[ROUTE-INSTALL] 00:00:00:00:01:01→00:00:00:00:03:01 no path (s1→s3)
[WP-DONE] s1->s4 bottleneck=1.0 Mbps
[PATH-COMPUTED] s1→s4: 2 hop(s) 6 flow entries
[WP-UNREACHABLE] s1->s5 no path with non-zero bandwidth
[ROUTE-INSTALL] 00:00:00:00:01:01→00:00:00:00:05:01 no path (s1→s5)
[WP-DONE] s1->s6 bottleneck=1.0 Mbps
[PATH-COMPUTED] s1→s6: 4 hop(s) 10 flow entries
[WP-DONE] s1->s7 bottleneck=1.0 Mbps
[PATH-COMPUTED] s1→s7: 1 hop(s) 4 flow entries
[WP-DONE] s1->s8 bottleneck=1.0 Mbps
[PATH-COMPUTED] s1→s8: 1 hop(s) 4 flow entries
[WP-DONE] s1->s9 bottleneck=1.0 Mbps
[PATH-COMPUTED] s1→s9: 3 hop(s) 8 flow entries
[WP-UNREACHABLE] s2->s248615469738571 no path with non-zero bandwidth
[ROUTE-INSTALL] 00:00:00:00:02:01→00:00:00:00:00:01 no path (s2→s248615469738571)
[WP-UNREACHABLE] s2->s1 no path with non-zero bandwidth
[ROUTE-INSTALL] 00:00:00:00:02:01→00:00:00:00:01:01 no path (s2→s1)
[WP-UNREACHABLE] s2->s3 no path with non-zero bandwidth
[ROUTE-INSTALL] 00:00:00:00:02:01→00:00:00:00:03:01 no path (s2→s3)
[WP-UNREACHABLE] s2->s4 no path with non-zero bandwidth
[ROUTE-INSTALL] 00:00:00:00:02:01→00:00:00:00:04:01 no path (s2→s4)
[WP-UNREACHABLE] s2->s5 no path with non-zero bandwidth
[ROUTE-INSTALL] 00:00:00:00:02:01→00:00:00:00:05:01 no path (s2→s5)
[WP-UNREACHABLE] s2->s6 no path with non-zero bandwidth
[ROUTE-INSTALL] 00:00:00:00:02:01→00:00:00:00:06:01 no path (s2→s6)
[WP-UNREACHABLE] s2->s7 no path with non-zero bandwidth
[ROUTE-INSTALL] 00:00:00:00:02:01→00:00:00:00:07:01 no path (s2→s7)
[WP-UNREACHABLE] s2->s8 no path with non-zero bandwidth
[ROUTE-INSTALL] 00:00:00:00:02:01→00:00:00:00:08:01 no path (s2→s8)
[WP-UNREACHABLE] s2->s9 no path with non-zero bandwidth
[ROUTE-INSTALL] 00:00:00:00:02:01→00:00:00:00:09:01 no path (s2→s9)
[WP-UNREACHABLE] s3->s248615469738571 no path with non-zero bandwidth
[ROUTE-INSTALL] 00:00:00:00:03:01→00:00:00:00:00:01 no path (s3→s248615469738571)
[WP-UNREACHABLE] s3->s1 no path with non-zero bandwidth
[ROUTE-INSTALL] 00:00:00:00:03:01→00:00:00:00:01:01 no path (s3→s1)
[WP-UNREACHABLE] s3->s2 no path with non-zero bandwidth
[ROUTE-INSTALL] 00:00:00:00:03:01→00:00:00:00:02:01 no path (s3→s2)
[WP-UNREACHABLE] s3->s4 no path with non-zero bandwidth
[ROUTE-INSTALL] 00:00:00:00:03:01→00:00:00:00:04:01 no path (s3→s4)
[WP-UNREACHABLE] s3->s5 no path with non-zero bandwidth
[ROUTE-INSTALL] 00:00:00:00:03:01→00:00:00:00:05:01 no path (s3→s5)
[WP-UNREACHABLE] s3->s6 no path with non-zero bandwidth
[ROUTE-INSTALL] 00:00:00:00:03:01→00:00:00:00:06:01 no path (s3→s6)
[WP-UNREACHABLE] s3->s7 no path with non-zero bandwidth
[ROUTE-INSTALL] 00:00:00:00:03:01→00:00:00:00:07:01 no path (s3→s7)
[WP-UNREACHABLE] s3->s8 no path with non-zero bandwidth
[ROUTE-INSTALL] 00:00:00:00:03:01→00:00:00:00:08:01 no path (s3→s8)
[WP-UNREACHABLE] s3->s9 no path with non-zero bandwidth
[ROUTE-INSTALL] 00:00:00:00:03:01→00:00:00:00:09:01 no path (s3→s9)
[WP-UNREACHABLE] s4->s248615469738571 no path with non-zero bandwidth
[ROUTE-INSTALL] 00:00:00:00:04:01→00:00:00:00:00:01 no path (s4→s248615469738571)
[WP-DONE] s4->s1 bottleneck=1.0 Mbps
[PATH-COMPUTED] s4→s1: 2 hop(s) 6 flow entries
[WP-UNREACHABLE] s4->s2 no path with non-zero bandwidth
[ROUTE-INSTALL] 00:00:00:00:04:01→00:00:00:00:02:01 no path (s4→s2)
[WP-UNREACHABLE] s4->s3 no path with non-zero bandwidth
[ROUTE-INSTALL] 00:00:00:00:04:01→00:00:00:00:03:01 no path (s4→s3)
[WP-UNREACHABLE] s4->s5 no path with non-zero bandwidth
[ROUTE-INSTALL] 00:00:00:00:04:01→00:00:00:00:05:01 no path (s4→s5)
[WP-DONE] s4->s6 bottleneck=1.0 Mbps
[PATH-COMPUTED] s4→s6: 2 hop(s) 6 flow entries
[WP-DONE] s4->s7 bottleneck=1.0 Mbps
[PATH-COMPUTED] s4→s7: 1 hop(s) 4 flow entries
[WP-DONE] s4->s8 bottleneck=1.0 Mbps
[PATH-COMPUTED] s4→s8: 3 hop(s) 8 flow entries
[WP-DONE] s4->s9 bottleneck=1.0 Mbps
[PATH-COMPUTED] s4→s9: 1 hop(s) 4 flow entries
[WP-UNREACHABLE] s5->s248615469738571 no path with non-zero bandwidth
[ROUTE-INSTALL] 00:00:00:00:05:01→00:00:00:00:00:01 no path (s5→s248615469738571)
[WP-UNREACHABLE] s5->s1 no path with non-zero bandwidth
[ROUTE-INSTALL] 00:00:00:00:05:01→00:00:00:00:01:01 no path (s5→s1)
[WP-UNREACHABLE] s5->s2 no path with non-zero bandwidth
[ROUTE-INSTALL] 00:00:00:00:05:01→00:00:00:00:02:01 no path (s5→s2)
[WP-UNREACHABLE] s5->s3 no path with non-zero bandwidth
[ROUTE-INSTALL] 00:00:00:00:05:01→00:00:00:00:03:01 no path (s5→s3)
[WP-UNREACHABLE] s5->s4 no path with non-zero bandwidth
[ROUTE-INSTALL] 00:00:00:00:05:01→00:00:00:00:04:01 no path (s5→s4)
[WP-UNREACHABLE] s5->s6 no path with non-zero bandwidth
[ROUTE-INSTALL] 00:00:00:00:05:01→00:00:00:00:06:01 no path (s5→s6)
[WP-UNREACHABLE] s5->s7 no path with non-zero bandwidth
[ROUTE-INSTALL] 00:00:00:00:05:01→00:00:00:00:07:01 no path (s5→s7)
[WP-UNREACHABLE] s5->s8 no path with non-zero bandwidth
[ROUTE-INSTALL] 00:00:00:00:05:01→00:00:00:00:08:01 no path (s5→s8)
[WP-UNREACHABLE] s5->s9 no path with non-zero bandwidth
[ROUTE-INSTALL] 00:00:00:00:05:01→00:00:00:00:09:01 no path (s5→s9)
[WP-UNREACHABLE] s6->s248615469738571 no path with non-zero bandwidth
[ROUTE-INSTALL] 00:00:00:00:06:01→00:00:00:00:00:01 no path (s6→s248615469738571)
[WP-DONE] s6->s1 bottleneck=1.0 Mbps
[PATH-COMPUTED] s6→s1: 4 hop(s) 10 flow entries
[WP-UNREACHABLE] s6->s2 no path with non-zero bandwidth
[ROUTE-INSTALL] 00:00:00:00:06:01→00:00:00:00:02:01 no path (s6→s2)
[WP-UNREACHABLE] s6->s3 no path with non-zero bandwidth
[ROUTE-INSTALL] 00:00:00:00:06:01→00:00:00:00:03:01 no path (s6→s3)
[WP-DONE] s6->s4 bottleneck=1.0 Mbps
[PATH-COMPUTED] s6→s4: 2 hop(s) 6 flow entries
[WP-UNREACHABLE] s6->s5 no path with non-zero bandwidth
[ROUTE-INSTALL] 00:00:00:00:06:01→00:00:00:00:05:01 no path (s6→s5)
[WP-DONE] s6->s7 bottleneck=1.0 Mbps
[PATH-COMPUTED] s6→s7: 3 hop(s) 8 flow entries
[WP-DONE] s6->s8 bottleneck=1.0 Mbps
[PATH-COMPUTED] s6→s8: 2 hop(s) 6 flow entries
[WP-DONE] s6->s9 bottleneck=1.0 Mbps
[PATH-COMPUTED] s6→s9: 1 hop(s) 4 flow entries
[WP-UNREACHABLE] s7->s248615469738571 no path with non-zero bandwidth
[ROUTE-INSTALL] 00:00:00:00:07:01→00:00:00:00:00:01 no path (s7→s248615469738571)
[WP-DONE] s7->s1 bottleneck=1.0 Mbps
[PATH-COMPUTED] s7→s1: 1 hop(s) 4 flow entries
[WP-UNREACHABLE] s7->s2 no path with non-zero bandwidth
[ROUTE-INSTALL] 00:00:00:00:07:01→00:00:00:00:02:01 no path (s7→s2)
[WP-UNREACHABLE] s7->s3 no path with non-zero bandwidth
[ROUTE-INSTALL] 00:00:00:00:07:01→00:00:00:00:03:01 no path (s7→s3)
[WP-DONE] s7->s4 bottleneck=1.0 Mbps
[PATH-COMPUTED] s7→s4: 1 hop(s) 4 flow entries
[WP-UNREACHABLE] s7->s5 no path with non-zero bandwidth
[ROUTE-INSTALL] 00:00:00:00:07:01→00:00:00:00:05:01 no path (s7→s5)
[WP-DONE] s7->s6 bottleneck=1.0 Mbps
[PATH-COMPUTED] s7→s6: 3 hop(s) 8 flow entries
[WP-DONE] s7->s8 bottleneck=1.0 Mbps
[PATH-COMPUTED] s7→s8: 2 hop(s) 6 flow entries
[WP-DONE] s7->s9 bottleneck=1.0 Mbps
[PATH-COMPUTED] s7→s9: 2 hop(s) 6 flow entries
[WP-UNREACHABLE] s8->s248615469738571 no path with non-zero bandwidth
[ROUTE-INSTALL] 00:00:00:00:08:01→00:00:00:00:00:01 no path (s8→s248615469738571)
[WP-DONE] s8->s1 bottleneck=1.0 Mbps
[PATH-COMPUTED] s8→s1: 1 hop(s) 4 flow entries
[WP-UNREACHABLE] s8->s2 no path with non-zero bandwidth
[ROUTE-INSTALL] 00:00:00:00:08:01→00:00:00:00:02:01 no path (s8→s2)
[WP-UNREACHABLE] s8->s3 no path with non-zero bandwidth
[ROUTE-INSTALL] 00:00:00:00:08:01→00:00:00:00:03:01 no path (s8→s3)
[WP-DONE] s8->s4 bottleneck=1.0 Mbps
[PATH-COMPUTED] s8→s4: 3 hop(s) 8 flow entries
[WP-UNREACHABLE] s8->s5 no path with non-zero bandwidth
[ROUTE-INSTALL] 00:00:00:00:08:01→00:00:00:00:05:01 no path (s8→s5)
[WP-DONE] s8->s6 bottleneck=1.0 Mbps
[PATH-COMPUTED] s8→s6: 2 hop(s) 6 flow entries
[WP-DONE] s8->s7 bottleneck=1.0 Mbps
[PATH-COMPUTED] s8→s7: 2 hop(s) 6 flow entries
[WP-DONE] s8->s9 bottleneck=1.0 Mbps
[PATH-COMPUTED] s8→s9: 1 hop(s) 4 flow entries
[WP-UNREACHABLE] s9->s248615469738571 no path with non-zero bandwidth
[ROUTE-INSTALL] 00:00:00:00:09:01→00:00:00:00:00:01 no path (s9→s248615469738571)
[WP-DONE] s9->s1 bottleneck=1.0 Mbps
[PATH-COMPUTED] s9→s1: 3 hop(s) 8 flow entries
[WP-UNREACHABLE] s9->s2 no path with non-zero bandwidth
[ROUTE-INSTALL] 00:00:00:00:09:01→00:00:00:00:02:01 no path (s9→s2)
[WP-UNREACHABLE] s9->s3 no path with non-zero bandwidth
[ROUTE-INSTALL] 00:00:00:00:09:01→00:00:00:00:03:01 no path (s9→s3)
[WP-DONE] s9->s4 bottleneck=1.0 Mbps
[PATH-COMPUTED] s9→s4: 1 hop(s) 4 flow entries
[WP-UNREACHABLE] s9->s5 no path with non-zero bandwidth
[ROUTE-INSTALL] 00:00:00:00:09:01→00:00:00:00:05:01 no path (s9→s5)
[WP-DONE] s9->s6 bottleneck=1.0 Mbps
[PATH-COMPUTED] s9→s6: 1 hop(s) 4 flow entries
[WP-DONE] s9->s7 bottleneck=1.0 Mbps
[PATH-COMPUTED] s9→s7: 2 hop(s) 6 flow entries
[WP-DONE] s9->s8 bottleneck=1.0 Mbps
[PATH-COMPUTED] s9→s8: 1 hop(s) 4 flow entries
[TOPO] route refresh: installed=30 skipped=0 unreachable=60 hosts=10
[TOPO-CHANGE] switches=10 links=10  delta +0 -2
[TOPO-DOWN] [(1, 7), (7, 1)]
[TOPO-REFRESH] flushing 30 flows, rebuilding routes
[TREE-DONE] root=s1 tree_edges=6 reachable=6/10
[WP-UNREACHABLE] s248615469738571->s1 no path with non-zero bandwidth
[ROUTE-INSTALL] 00:00:00:00:00:01→00:00:00:00:01:01 no path (s248615469738571→s1)
[WP-UNREACHABLE] s248615469738571->s2 no path with non-zero bandwidth
[ROUTE-INSTALL] 00:00:00:00:00:01→00:00:00:00:02:01 no path (s248615469738571→s2)
[WP-UNREACHABLE] s248615469738571->s3 no path with non-zero bandwidth
[ROUTE-INSTALL] 00:00:00:00:00:01→00:00:00:00:03:01 no path (s248615469738571→s3)
[WP-UNREACHABLE] s248615469738571->s4 no path with non-zero bandwidth
[ROUTE-INSTALL] 00:00:00:00:00:01→00:00:00:00:04:01 no path (s248615469738571→s4)
[WP-UNREACHABLE] s248615469738571->s5 no path with non-zero bandwidth
[ROUTE-INSTALL] 00:00:00:00:00:01→00:00:00:00:05:01 no path (s248615469738571→s5)
[WP-UNREACHABLE] s248615469738571->s6 no path with non-zero bandwidth
[ROUTE-INSTALL] 00:00:00:00:00:01→00:00:00:00:06:01 no path (s248615469738571→s6)
[WP-UNREACHABLE] s248615469738571->s7 no path with non-zero bandwidth
[ROUTE-INSTALL] 00:00:00:00:00:01→00:00:00:00:07:01 no path (s248615469738571→s7)
[WP-UNREACHABLE] s248615469738571->s8 no path with non-zero bandwidth
[ROUTE-INSTALL] 00:00:00:00:00:01→00:00:00:00:08:01 no path (s248615469738571→s8)
[WP-UNREACHABLE] s248615469738571->s9 no path with non-zero bandwidth
[ROUTE-INSTALL] 00:00:00:00:00:01→00:00:00:00:09:01 no path (s248615469738571→s9)
[WP-UNREACHABLE] s1->s248615469738571 no path with non-zero bandwidth
[ROUTE-INSTALL] 00:00:00:00:01:01→00:00:00:00:00:01 no path (s1→s248615469738571)
[WP-UNREACHABLE] s1->s2 no path with non-zero bandwidth
[ROUTE-INSTALL] 00:00:00:00:01:01→00:00:00:00:02:01 no path (s1→s2)
[WP-UNREACHABLE] s1->s3 no path with non-zero bandwidth
[ROUTE-INSTALL] 00:00:00:00:01:01→00:00:00:00:03:01 no path (s1→s3)
[WP-DONE] s1->s4 bottleneck=1.0 Mbps
[PATH-COMPUTED] s1→s4: 3 hop(s) 8 flow entries
[WP-UNREACHABLE] s1->s5 no path with non-zero bandwidth
[ROUTE-INSTALL] 00:00:00:00:01:01→00:00:00:00:05:01 no path (s1→s5)
[WP-DONE] s1->s6 bottleneck=1.0 Mbps
[PATH-COMPUTED] s1→s6: 3 hop(s) 8 flow entries
[WP-DONE] s1->s7 bottleneck=1.0 Mbps
[PATH-COMPUTED] s1→s7: 4 hop(s) 10 flow entries
[WP-DONE] s1->s8 bottleneck=1.0 Mbps
[PATH-COMPUTED] s1→s8: 1 hop(s) 4 flow entries
[WP-DONE] s1->s9 bottleneck=1.0 Mbps
[PATH-COMPUTED] s1→s9: 2 hop(s) 6 flow entries
[WP-UNREACHABLE] s2->s248615469738571 no path with non-zero bandwidth
[ROUTE-INSTALL] 00:00:00:00:02:01→00:00:00:00:00:01 no path (s2→s248615469738571)
[WP-UNREACHABLE] s2->s1 no path with non-zero bandwidth
[ROUTE-INSTALL] 00:00:00:00:02:01→00:00:00:00:01:01 no path (s2→s1)
[WP-UNREACHABLE] s2->s3 no path with non-zero bandwidth
[ROUTE-INSTALL] 00:00:00:00:02:01→00:00:00:00:03:01 no path (s2→s3)
[WP-UNREACHABLE] s2->s4 no path with non-zero bandwidth
[ROUTE-INSTALL] 00:00:00:00:02:01→00:00:00:00:04:01 no path (s2→s4)
[WP-UNREACHABLE] s2->s5 no path with non-zero bandwidth
[ROUTE-INSTALL] 00:00:00:00:02:01→00:00:00:00:05:01 no path (s2→s5)
[WP-UNREACHABLE] s2->s6 no path with non-zero bandwidth
[ROUTE-INSTALL] 00:00:00:00:02:01→00:00:00:00:06:01 no path (s2→s6)
[WP-UNREACHABLE] s2->s7 no path with non-zero bandwidth
[ROUTE-INSTALL] 00:00:00:00:02:01→00:00:00:00:07:01 no path (s2→s7)
[WP-UNREACHABLE] s2->s8 no path with non-zero bandwidth
[ROUTE-INSTALL] 00:00:00:00:02:01→00:00:00:00:08:01 no path (s2→s8)
[WP-UNREACHABLE] s2->s9 no path with non-zero bandwidth
[ROUTE-INSTALL] 00:00:00:00:02:01→00:00:00:00:09:01 no path (s2→s9)
[WP-UNREACHABLE] s3->s248615469738571 no path with non-zero bandwidth
[ROUTE-INSTALL] 00:00:00:00:03:01→00:00:00:00:00:01 no path (s3→s248615469738571)
[WP-UNREACHABLE] s3->s1 no path with non-zero bandwidth
[ROUTE-INSTALL] 00:00:00:00:03:01→00:00:00:00:01:01 no path (s3→s1)
[WP-UNREACHABLE] s3->s2 no path with non-zero bandwidth
[ROUTE-INSTALL] 00:00:00:00:03:01→00:00:00:00:02:01 no path (s3→s2)
[WP-UNREACHABLE] s3->s4 no path with non-zero bandwidth
[ROUTE-INSTALL] 00:00:00:00:03:01→00:00:00:00:04:01 no path (s3→s4)
[WP-UNREACHABLE] s3->s5 no path with non-zero bandwidth
[ROUTE-INSTALL] 00:00:00:00:03:01→00:00:00:00:05:01 no path (s3→s5)
[WP-UNREACHABLE] s3->s6 no path with non-zero bandwidth
[ROUTE-INSTALL] 00:00:00:00:03:01→00:00:00:00:06:01 no path (s3→s6)
[WP-UNREACHABLE] s3->s7 no path with non-zero bandwidth
[ROUTE-INSTALL] 00:00:00:00:03:01→00:00:00:00:07:01 no path (s3→s7)
[WP-UNREACHABLE] s3->s8 no path with non-zero bandwidth
[ROUTE-INSTALL] 00:00:00:00:03:01→00:00:00:00:08:01 no path (s3→s8)
[WP-UNREACHABLE] s3->s9 no path with non-zero bandwidth
[ROUTE-INSTALL] 00:00:00:00:03:01→00:00:00:00:09:01 no path (s3→s9)
[WP-UNREACHABLE] s4->s248615469738571 no path with non-zero bandwidth
[ROUTE-INSTALL] 00:00:00:00:04:01→00:00:00:00:00:01 no path (s4→s248615469738571)
[WP-DONE] s4->s1 bottleneck=1.0 Mbps
[PATH-COMPUTED] s4→s1: 3 hop(s) 8 flow entries
[WP-UNREACHABLE] s4->s2 no path with non-zero bandwidth
[ROUTE-INSTALL] 00:00:00:00:04:01→00:00:00:00:02:01 no path (s4→s2)
[WP-UNREACHABLE] s4->s3 no path with non-zero bandwidth
[ROUTE-INSTALL] 00:00:00:00:04:01→00:00:00:00:03:01 no path (s4→s3)
[WP-UNREACHABLE] s4->s5 no path with non-zero bandwidth
[ROUTE-INSTALL] 00:00:00:00:04:01→00:00:00:00:05:01 no path (s4→s5)
[WP-DONE] s4->s6 bottleneck=1.0 Mbps
[PATH-COMPUTED] s4→s6: 2 hop(s) 6 flow entries
[WP-DONE] s4->s7 bottleneck=1.0 Mbps
[PATH-COMPUTED] s4→s7: 1 hop(s) 4 flow entries
[WP-DONE] s4->s8 bottleneck=1.0 Mbps
[PATH-COMPUTED] s4→s8: 2 hop(s) 6 flow entries
[WP-DONE] s4->s9 bottleneck=1.0 Mbps
[PATH-COMPUTED] s4→s9: 1 hop(s) 4 flow entries
[WP-UNREACHABLE] s5->s248615469738571 no path with non-zero bandwidth
[ROUTE-INSTALL] 00:00:00:00:05:01→00:00:00:00:00:01 no path (s5→s248615469738571)
[WP-UNREACHABLE] s5->s1 no path with non-zero bandwidth
[ROUTE-INSTALL] 00:00:00:00:05:01→00:00:00:00:01:01 no path (s5→s1)
[WP-UNREACHABLE] s5->s2 no path with non-zero bandwidth
[ROUTE-INSTALL] 00:00:00:00:05:01→00:00:00:00:02:01 no path (s5→s2)
[WP-UNREACHABLE] s5->s3 no path with non-zero bandwidth
[ROUTE-INSTALL] 00:00:00:00:05:01→00:00:00:00:03:01 no path (s5→s3)
[WP-UNREACHABLE] s5->s4 no path with non-zero bandwidth
[ROUTE-INSTALL] 00:00:00:00:05:01→00:00:00:00:04:01 no path (s5→s4)
[WP-UNREACHABLE] s5->s6 no path with non-zero bandwidth
[ROUTE-INSTALL] 00:00:00:00:05:01→00:00:00:00:06:01 no path (s5→s6)
[WP-UNREACHABLE] s5->s7 no path with non-zero bandwidth
[ROUTE-INSTALL] 00:00:00:00:05:01→00:00:00:00:07:01 no path (s5→s7)
[WP-UNREACHABLE] s5->s8 no path with non-zero bandwidth
[ROUTE-INSTALL] 00:00:00:00:05:01→00:00:00:00:08:01 no path (s5→s8)
[WP-UNREACHABLE] s5->s9 no path with non-zero bandwidth
[ROUTE-INSTALL] 00:00:00:00:05:01→00:00:00:00:09:01 no path (s5→s9)
[WP-UNREACHABLE] s6->s248615469738571 no path with non-zero bandwidth
[ROUTE-INSTALL] 00:00:00:00:06:01→00:00:00:00:00:01 no path (s6→s248615469738571)
[WP-DONE] s6->s1 bottleneck=1.0 Mbps
[PATH-COMPUTED] s6→s1: 3 hop(s) 8 flow entries
[WP-UNREACHABLE] s6->s2 no path with non-zero bandwidth
[ROUTE-INSTALL] 00:00:00:00:06:01→00:00:00:00:02:01 no path (s6→s2)
[WP-UNREACHABLE] s6->s3 no path with non-zero bandwidth
[ROUTE-INSTALL] 00:00:00:00:06:01→00:00:00:00:03:01 no path (s6→s3)
[WP-DONE] s6->s4 bottleneck=1.0 Mbps
[PATH-COMPUTED] s6→s4: 2 hop(s) 6 flow entries
[WP-UNREACHABLE] s6->s5 no path with non-zero bandwidth
[ROUTE-INSTALL] 00:00:00:00:06:01→00:00:00:00:05:01 no path (s6→s5)
[WP-DONE] s6->s7 bottleneck=1.0 Mbps
[PATH-COMPUTED] s6→s7: 3 hop(s) 8 flow entries
[WP-DONE] s6->s8 bottleneck=1.0 Mbps
[PATH-COMPUTED] s6→s8: 2 hop(s) 6 flow entries
[WP-DONE] s6->s9 bottleneck=1.0 Mbps
[PATH-COMPUTED] s6→s9: 1 hop(s) 4 flow entries
[WP-UNREACHABLE] s7->s248615469738571 no path with non-zero bandwidth
[ROUTE-INSTALL] 00:00:00:00:07:01→00:00:00:00:00:01 no path (s7→s248615469738571)
[WP-DONE] s7->s1 bottleneck=1.0 Mbps
[PATH-COMPUTED] s7→s1: 4 hop(s) 10 flow entries
[WP-UNREACHABLE] s7->s2 no path with non-zero bandwidth
[ROUTE-INSTALL] 00:00:00:00:07:01→00:00:00:00:02:01 no path (s7→s2)
[WP-UNREACHABLE] s7->s3 no path with non-zero bandwidth
[ROUTE-INSTALL] 00:00:00:00:07:01→00:00:00:00:03:01 no path (s7→s3)
[WP-DONE] s7->s4 bottleneck=1.0 Mbps
[PATH-COMPUTED] s7→s4: 1 hop(s) 4 flow entries
[WP-UNREACHABLE] s7->s5 no path with non-zero bandwidth
[ROUTE-INSTALL] 00:00:00:00:07:01→00:00:00:00:05:01 no path (s7→s5)
[WP-DONE] s7->s6 bottleneck=1.0 Mbps
[PATH-COMPUTED] s7→s6: 3 hop(s) 8 flow entries
[WP-DONE] s7->s8 bottleneck=1.0 Mbps
[PATH-COMPUTED] s7→s8: 3 hop(s) 8 flow entries
[WP-DONE] s7->s9 bottleneck=1.0 Mbps
[PATH-COMPUTED] s7→s9: 2 hop(s) 6 flow entries
[WP-UNREACHABLE] s8->s248615469738571 no path with non-zero bandwidth
[ROUTE-INSTALL] 00:00:00:00:08:01→00:00:00:00:00:01 no path (s8→s248615469738571)
[WP-DONE] s8->s1 bottleneck=1.0 Mbps
[PATH-COMPUTED] s8→s1: 1 hop(s) 4 flow entries
[WP-UNREACHABLE] s8->s2 no path with non-zero bandwidth
[ROUTE-INSTALL] 00:00:00:00:08:01→00:00:00:00:02:01 no path (s8→s2)
[WP-UNREACHABLE] s8->s3 no path with non-zero bandwidth
[ROUTE-INSTALL] 00:00:00:00:08:01→00:00:00:00:03:01 no path (s8→s3)
[WP-DONE] s8->s4 bottleneck=1.0 Mbps
[PATH-COMPUTED] s8→s4: 2 hop(s) 6 flow entries
[WP-UNREACHABLE] s8->s5 no path with non-zero bandwidth
[ROUTE-INSTALL] 00:00:00:00:08:01→00:00:00:00:05:01 no path (s8→s5)
[WP-DONE] s8->s6 bottleneck=1.0 Mbps
[PATH-COMPUTED] s8→s6: 2 hop(s) 6 flow entries
[WP-DONE] s8->s7 bottleneck=1.0 Mbps
[PATH-COMPUTED] s8→s7: 3 hop(s) 8 flow entries
[WP-DONE] s8->s9 bottleneck=1.0 Mbps
[PATH-COMPUTED] s8→s9: 1 hop(s) 4 flow entries
[WP-UNREACHABLE] s9->s248615469738571 no path with non-zero bandwidth
[ROUTE-INSTALL] 00:00:00:00:09:01→00:00:00:00:00:01 no path (s9→s248615469738571)
[WP-DONE] s9->s1 bottleneck=1.0 Mbps
[PATH-COMPUTED] s9→s1: 2 hop(s) 6 flow entries
[WP-UNREACHABLE] s9->s2 no path with non-zero bandwidth
[ROUTE-INSTALL] 00:00:00:00:09:01→00:00:00:00:02:01 no path (s9→s2)
[WP-UNREACHABLE] s9->s3 no path with non-zero bandwidth
[ROUTE-INSTALL] 00:00:00:00:09:01→00:00:00:00:03:01 no path (s9→s3)
[WP-DONE] s9->s4 bottleneck=1.0 Mbps
[PATH-COMPUTED] s9→s4: 1 hop(s) 4 flow entries
[WP-UNREACHABLE] s9->s5 no path with non-zero bandwidth
[ROUTE-INSTALL] 00:00:00:00:09:01→00:00:00:00:05:01 no path (s9→s5)
[WP-DONE] s9->s6 bottleneck=1.0 Mbps
[PATH-COMPUTED] s9→s6: 1 hop(s) 4 flow entries
[WP-DONE] s9->s7 bottleneck=1.0 Mbps
[PATH-COMPUTED] s9→s7: 2 hop(s) 6 flow entries
[WP-DONE] s9->s8 bottleneck=1.0 Mbps
[PATH-COMPUTED] s9→s8: 1 hop(s) 4 flow entries
[TOPO] route refresh: installed=30 skipped=0 unreachable=60 hosts=10
[TOPO-CHANGE] switches=10 links=8  delta +0 -2
[TOPO-DOWN] [(4, 7), (7, 4)]
[TOPO-REFRESH] flushing 30 flows, rebuilding routes
[TREE-DONE] root=s1 tree_edges=5 reachable=5/10
[WP-UNREACHABLE] s248615469738571->s1 no path with non-zero bandwidth
[ROUTE-INSTALL] 00:00:00:00:00:01→00:00:00:00:01:01 no path (s248615469738571→s1)
[WP-UNREACHABLE] s248615469738571->s2 no path with non-zero bandwidth
[ROUTE-INSTALL] 00:00:00:00:00:01→00:00:00:00:02:01 no path (s248615469738571→s2)
[WP-UNREACHABLE] s248615469738571->s3 no path with non-zero bandwidth
[ROUTE-INSTALL] 00:00:00:00:00:01→00:00:00:00:03:01 no path (s248615469738571→s3)
[WP-UNREACHABLE] s248615469738571->s4 no path with non-zero bandwidth
[ROUTE-INSTALL] 00:00:00:00:00:01→00:00:00:00:04:01 no path (s248615469738571→s4)
[WP-UNREACHABLE] s248615469738571->s5 no path with non-zero bandwidth
[ROUTE-INSTALL] 00:00:00:00:00:01→00:00:00:00:05:01 no path (s248615469738571→s5)
[WP-UNREACHABLE] s248615469738571->s6 no path with non-zero bandwidth
[ROUTE-INSTALL] 00:00:00:00:00:01→00:00:00:00:06:01 no path (s248615469738571→s6)
[WP-UNREACHABLE] s248615469738571->s7 no path with non-zero bandwidth
[ROUTE-INSTALL] 00:00:00:00:00:01→00:00:00:00:07:01 no path (s248615469738571→s7)
[WP-UNREACHABLE] s248615469738571->s8 no path with non-zero bandwidth
[ROUTE-INSTALL] 00:00:00:00:00:01→00:00:00:00:08:01 no path (s248615469738571→s8)
[WP-UNREACHABLE] s248615469738571->s9 no path with non-zero bandwidth
[ROUTE-INSTALL] 00:00:00:00:00:01→00:00:00:00:09:01 no path (s248615469738571→s9)
[WP-UNREACHABLE] s1->s248615469738571 no path with non-zero bandwidth
[ROUTE-INSTALL] 00:00:00:00:01:01→00:00:00:00:00:01 no path (s1→s248615469738571)
[WP-UNREACHABLE] s1->s2 no path with non-zero bandwidth
[ROUTE-INSTALL] 00:00:00:00:01:01→00:00:00:00:02:01 no path (s1→s2)
[WP-UNREACHABLE] s1->s3 no path with non-zero bandwidth
[ROUTE-INSTALL] 00:00:00:00:01:01→00:00:00:00:03:01 no path (s1→s3)
[WP-DONE] s1->s4 bottleneck=1.0 Mbps
[PATH-COMPUTED] s1→s4: 3 hop(s) 8 flow entries
[WP-UNREACHABLE] s1->s5 no path with non-zero bandwidth
[ROUTE-INSTALL] 00:00:00:00:01:01→00:00:00:00:05:01 no path (s1→s5)
[WP-DONE] s1->s6 bottleneck=1.0 Mbps
[PATH-COMPUTED] s1→s6: 3 hop(s) 8 flow entries
[WP-UNREACHABLE] s1->s7 no path with non-zero bandwidth
[ROUTE-INSTALL] 00:00:00:00:01:01→00:00:00:00:07:01 no path (s1→s7)
[WP-DONE] s1->s8 bottleneck=1.0 Mbps
[PATH-COMPUTED] s1→s8: 1 hop(s) 4 flow entries
[WP-DONE] s1->s9 bottleneck=1.0 Mbps
[PATH-COMPUTED] s1→s9: 2 hop(s) 6 flow entries
[WP-UNREACHABLE] s2->s248615469738571 no path with non-zero bandwidth
[ROUTE-INSTALL] 00:00:00:00:02:01→00:00:00:00:00:01 no path (s2→s248615469738571)
[WP-UNREACHABLE] s2->s1 no path with non-zero bandwidth
[ROUTE-INSTALL] 00:00:00:00:02:01→00:00:00:00:01:01 no path (s2→s1)
[WP-UNREACHABLE] s2->s3 no path with non-zero bandwidth
[ROUTE-INSTALL] 00:00:00:00:02:01→00:00:00:00:03:01 no path (s2→s3)
[WP-UNREACHABLE] s2->s4 no path with non-zero bandwidth
[ROUTE-INSTALL] 00:00:00:00:02:01→00:00:00:00:04:01 no path (s2→s4)
[WP-UNREACHABLE] s2->s5 no path with non-zero bandwidth
[ROUTE-INSTALL] 00:00:00:00:02:01→00:00:00:00:05:01 no path (s2→s5)
[WP-UNREACHABLE] s2->s6 no path with non-zero bandwidth
[ROUTE-INSTALL] 00:00:00:00:02:01→00:00:00:00:06:01 no path (s2→s6)
[WP-UNREACHABLE] s2->s7 no path with non-zero bandwidth
[ROUTE-INSTALL] 00:00:00:00:02:01→00:00:00:00:07:01 no path (s2→s7)
[WP-UNREACHABLE] s2->s8 no path with non-zero bandwidth
[ROUTE-INSTALL] 00:00:00:00:02:01→00:00:00:00:08:01 no path (s2→s8)
[WP-UNREACHABLE] s2->s9 no path with non-zero bandwidth
[ROUTE-INSTALL] 00:00:00:00:02:01→00:00:00:00:09:01 no path (s2→s9)
[WP-UNREACHABLE] s3->s248615469738571 no path with non-zero bandwidth
[ROUTE-INSTALL] 00:00:00:00:03:01→00:00:00:00:00:01 no path (s3→s248615469738571)
[WP-UNREACHABLE] s3->s1 no path with non-zero bandwidth
[ROUTE-INSTALL] 00:00:00:00:03:01→00:00:00:00:01:01 no path (s3→s1)
[WP-UNREACHABLE] s3->s2 no path with non-zero bandwidth
[ROUTE-INSTALL] 00:00:00:00:03:01→00:00:00:00:02:01 no path (s3→s2)
[WP-UNREACHABLE] s3->s4 no path with non-zero bandwidth
[ROUTE-INSTALL] 00:00:00:00:03:01→00:00:00:00:04:01 no path (s3→s4)
[WP-UNREACHABLE] s3->s5 no path with non-zero bandwidth
[ROUTE-INSTALL] 00:00:00:00:03:01→00:00:00:00:05:01 no path (s3→s5)
[WP-UNREACHABLE] s3->s6 no path with non-zero bandwidth
[ROUTE-INSTALL] 00:00:00:00:03:01→00:00:00:00:06:01 no path (s3→s6)
[WP-UNREACHABLE] s3->s7 no path with non-zero bandwidth
[ROUTE-INSTALL] 00:00:00:00:03:01→00:00:00:00:07:01 no path (s3→s7)
[WP-UNREACHABLE] s3->s8 no path with non-zero bandwidth
[ROUTE-INSTALL] 00:00:00:00:03:01→00:00:00:00:08:01 no path (s3→s8)
[WP-UNREACHABLE] s3->s9 no path with non-zero bandwidth
[ROUTE-INSTALL] 00:00:00:00:03:01→00:00:00:00:09:01 no path (s3→s9)
[WP-UNREACHABLE] s4->s248615469738571 no path with non-zero bandwidth
[ROUTE-INSTALL] 00:00:00:00:04:01→00:00:00:00:00:01 no path (s4→s248615469738571)
[WP-DONE] s4->s1 bottleneck=1.0 Mbps
[PATH-COMPUTED] s4→s1: 3 hop(s) 8 flow entries
[WP-UNREACHABLE] s4->s2 no path with non-zero bandwidth
[ROUTE-INSTALL] 00:00:00:00:04:01→00:00:00:00:02:01 no path (s4→s2)
[WP-UNREACHABLE] s4->s3 no path with non-zero bandwidth
[ROUTE-INSTALL] 00:00:00:00:04:01→00:00:00:00:03:01 no path (s4→s3)
[WP-UNREACHABLE] s4->s5 no path with non-zero bandwidth
[ROUTE-INSTALL] 00:00:00:00:04:01→00:00:00:00:05:01 no path (s4→s5)
[WP-DONE] s4->s6 bottleneck=1.0 Mbps
[PATH-COMPUTED] s4→s6: 2 hop(s) 6 flow entries
[WP-UNREACHABLE] s4->s7 no path with non-zero bandwidth
[ROUTE-INSTALL] 00:00:00:00:04:01→00:00:00:00:07:01 no path (s4→s7)
[WP-DONE] s4->s8 bottleneck=1.0 Mbps
[PATH-COMPUTED] s4→s8: 2 hop(s) 6 flow entries
[WP-DONE] s4->s9 bottleneck=1.0 Mbps
[PATH-COMPUTED] s4→s9: 1 hop(s) 4 flow entries
[WP-UNREACHABLE] s5->s248615469738571 no path with non-zero bandwidth
[ROUTE-INSTALL] 00:00:00:00:05:01→00:00:00:00:00:01 no path (s5→s248615469738571)
[WP-UNREACHABLE] s5->s1 no path with non-zero bandwidth
[ROUTE-INSTALL] 00:00:00:00:05:01→00:00:00:00:01:01 no path (s5→s1)
[WP-UNREACHABLE] s5->s2 no path with non-zero bandwidth
[ROUTE-INSTALL] 00:00:00:00:05:01→00:00:00:00:02:01 no path (s5→s2)
[WP-UNREACHABLE] s5->s3 no path with non-zero bandwidth
[ROUTE-INSTALL] 00:00:00:00:05:01→00:00:00:00:03:01 no path (s5→s3)
[WP-UNREACHABLE] s5->s4 no path with non-zero bandwidth
[ROUTE-INSTALL] 00:00:00:00:05:01→00:00:00:00:04:01 no path (s5→s4)
[WP-UNREACHABLE] s5->s6 no path with non-zero bandwidth
[ROUTE-INSTALL] 00:00:00:00:05:01→00:00:00:00:06:01 no path (s5→s6)
[WP-UNREACHABLE] s5->s7 no path with non-zero bandwidth
[ROUTE-INSTALL] 00:00:00:00:05:01→00:00:00:00:07:01 no path (s5→s7)
[WP-UNREACHABLE] s5->s8 no path with non-zero bandwidth
[ROUTE-INSTALL] 00:00:00:00:05:01→00:00:00:00:08:01 no path (s5→s8)
[WP-UNREACHABLE] s5->s9 no path with non-zero bandwidth
[ROUTE-INSTALL] 00:00:00:00:05:01→00:00:00:00:09:01 no path (s5→s9)
[WP-UNREACHABLE] s6->s248615469738571 no path with non-zero bandwidth
[ROUTE-INSTALL] 00:00:00:00:06:01→00:00:00:00:00:01 no path (s6→s248615469738571)
[WP-DONE] s6->s1 bottleneck=1.0 Mbps
[PATH-COMPUTED] s6→s1: 3 hop(s) 8 flow entries
[WP-UNREACHABLE] s6->s2 no path with non-zero bandwidth
[ROUTE-INSTALL] 00:00:00:00:06:01→00:00:00:00:02:01 no path (s6→s2)
[WP-UNREACHABLE] s6->s3 no path with non-zero bandwidth
[ROUTE-INSTALL] 00:00:00:00:06:01→00:00:00:00:03:01 no path (s6→s3)
[WP-DONE] s6->s4 bottleneck=1.0 Mbps
[PATH-COMPUTED] s6→s4: 2 hop(s) 6 flow entries
[WP-UNREACHABLE] s6->s5 no path with non-zero bandwidth
[ROUTE-INSTALL] 00:00:00:00:06:01→00:00:00:00:05:01 no path (s6→s5)
[WP-UNREACHABLE] s6->s7 no path with non-zero bandwidth
[ROUTE-INSTALL] 00:00:00:00:06:01→00:00:00:00:07:01 no path (s6→s7)
[WP-DONE] s6->s8 bottleneck=1.0 Mbps
[PATH-COMPUTED] s6→s8: 2 hop(s) 6 flow entries
[WP-DONE] s6->s9 bottleneck=1.0 Mbps
[PATH-COMPUTED] s6→s9: 1 hop(s) 4 flow entries
[WP-UNREACHABLE] s7->s248615469738571 no path with non-zero bandwidth
[ROUTE-INSTALL] 00:00:00:00:07:01→00:00:00:00:00:01 no path (s7→s248615469738571)
[WP-UNREACHABLE] s7->s1 no path with non-zero bandwidth
[ROUTE-INSTALL] 00:00:00:00:07:01→00:00:00:00:01:01 no path (s7→s1)
[WP-UNREACHABLE] s7->s2 no path with non-zero bandwidth
[ROUTE-INSTALL] 00:00:00:00:07:01→00:00:00:00:02:01 no path (s7→s2)
[WP-UNREACHABLE] s7->s3 no path with non-zero bandwidth
[ROUTE-INSTALL] 00:00:00:00:07:01→00:00:00:00:03:01 no path (s7→s3)
[WP-UNREACHABLE] s7->s4 no path with non-zero bandwidth
[ROUTE-INSTALL] 00:00:00:00:07:01→00:00:00:00:04:01 no path (s7→s4)
[WP-UNREACHABLE] s7->s5 no path with non-zero bandwidth
[ROUTE-INSTALL] 00:00:00:00:07:01→00:00:00:00:05:01 no path (s7→s5)
[WP-UNREACHABLE] s7->s6 no path with non-zero bandwidth
[ROUTE-INSTALL] 00:00:00:00:07:01→00:00:00:00:06:01 no path (s7→s6)
[WP-UNREACHABLE] s7->s8 no path with non-zero bandwidth
[ROUTE-INSTALL] 00:00:00:00:07:01→00:00:00:00:08:01 no path (s7→s8)
[WP-UNREACHABLE] s7->s9 no path with non-zero bandwidth
[ROUTE-INSTALL] 00:00:00:00:07:01→00:00:00:00:09:01 no path (s7→s9)
[WP-UNREACHABLE] s8->s248615469738571 no path with non-zero bandwidth
[ROUTE-INSTALL] 00:00:00:00:08:01→00:00:00:00:00:01 no path (s8→s248615469738571)
[WP-DONE] s8->s1 bottleneck=1.0 Mbps
[PATH-COMPUTED] s8→s1: 1 hop(s) 4 flow entries
[WP-UNREACHABLE] s8->s2 no path with non-zero bandwidth
[ROUTE-INSTALL] 00:00:00:00:08:01→00:00:00:00:02:01 no path (s8→s2)
[WP-UNREACHABLE] s8->s3 no path with non-zero bandwidth
[ROUTE-INSTALL] 00:00:00:00:08:01→00:00:00:00:03:01 no path (s8→s3)
[WP-DONE] s8->s4 bottleneck=1.0 Mbps
[PATH-COMPUTED] s8→s4: 2 hop(s) 6 flow entries
[WP-UNREACHABLE] s8->s5 no path with non-zero bandwidth
[ROUTE-INSTALL] 00:00:00:00:08:01→00:00:00:00:05:01 no path (s8→s5)
[WP-DONE] s8->s6 bottleneck=1.0 Mbps
[PATH-COMPUTED] s8→s6: 2 hop(s) 6 flow entries
[WP-UNREACHABLE] s8->s7 no path with non-zero bandwidth
[ROUTE-INSTALL] 00:00:00:00:08:01→00:00:00:00:07:01 no path (s8→s7)
[WP-DONE] s8->s9 bottleneck=1.0 Mbps
[PATH-COMPUTED] s8→s9: 1 hop(s) 4 flow entries
[WP-UNREACHABLE] s9->s248615469738571 no path with non-zero bandwidth
[ROUTE-INSTALL] 00:00:00:00:09:01→00:00:00:00:00:01 no path (s9→s248615469738571)
[WP-DONE] s9->s1 bottleneck=1.0 Mbps
[PATH-COMPUTED] s9→s1: 2 hop(s) 6 flow entries
[WP-UNREACHABLE] s9->s2 no path with non-zero bandwidth
[ROUTE-INSTALL] 00:00:00:00:09:01→00:00:00:00:02:01 no path (s9→s2)
[WP-UNREACHABLE] s9->s3 no path with non-zero bandwidth
[ROUTE-INSTALL] 00:00:00:00:09:01→00:00:00:00:03:01 no path (s9→s3)
[WP-DONE] s9->s4 bottleneck=1.0 Mbps
[PATH-COMPUTED] s9→s4: 1 hop(s) 4 flow entries
[WP-UNREACHABLE] s9->s5 no path with non-zero bandwidth
[ROUTE-INSTALL] 00:00:00:00:09:01→00:00:00:00:05:01 no path (s9→s5)
[WP-DONE] s9->s6 bottleneck=1.0 Mbps
[PATH-COMPUTED] s9→s6: 1 hop(s) 4 flow entries
[WP-UNREACHABLE] s9->s7 no path with non-zero bandwidth
[ROUTE-INSTALL] 00:00:00:00:09:01→00:00:00:00:07:01 no path (s9→s7)
[WP-DONE] s9->s8 bottleneck=1.0 Mbps
[PATH-COMPUTED] s9→s8: 1 hop(s) 4 flow entries
[TOPO] route refresh: installed=20 skipped=0 unreachable=70 hosts=10
[TOPO-CHANGE] switches=10 links=4  delta +0 -4
[TOPO-DOWN] [(1, 8), (8, 1), (8, 9), (9, 8)]
[TOPO-REFRESH] flushing 20 flows, rebuilding routes
[TREE-DONE] root=s1 tree_edges=0 reachable=1/10
[WP-UNREACHABLE] s248615469738571->s1 no path with non-zero bandwidth
[ROUTE-INSTALL] 00:00:00:00:00:01→00:00:00:00:01:01 no path (s248615469738571→s1)
[WP-UNREACHABLE] s248615469738571->s2 no path with non-zero bandwidth
[ROUTE-INSTALL] 00:00:00:00:00:01→00:00:00:00:02:01 no path (s248615469738571→s2)
[WP-UNREACHABLE] s248615469738571->s3 no path with non-zero bandwidth
[ROUTE-INSTALL] 00:00:00:00:00:01→00:00:00:00:03:01 no path (s248615469738571→s3)
[WP-UNREACHABLE] s248615469738571->s4 no path with non-zero bandwidth
[ROUTE-INSTALL] 00:00:00:00:00:01→00:00:00:00:04:01 no path (s248615469738571→s4)
[WP-UNREACHABLE] s248615469738571->s5 no path with non-zero bandwidth
[ROUTE-INSTALL] 00:00:00:00:00:01→00:00:00:00:05:01 no path (s248615469738571→s5)
[WP-UNREACHABLE] s248615469738571->s6 no path with non-zero bandwidth
[ROUTE-INSTALL] 00:00:00:00:00:01→00:00:00:00:06:01 no path (s248615469738571→s6)
[WP-UNREACHABLE] s248615469738571->s7 no path with non-zero bandwidth
[ROUTE-INSTALL] 00:00:00:00:00:01→00:00:00:00:07:01 no path (s248615469738571→s7)
[WP-UNREACHABLE] s248615469738571->s8 no path with non-zero bandwidth
[ROUTE-INSTALL] 00:00:00:00:00:01→00:00:00:00:08:01 no path (s248615469738571→s8)
[WP-UNREACHABLE] s248615469738571->s9 no path with non-zero bandwidth
[ROUTE-INSTALL] 00:00:00:00:00:01→00:00:00:00:09:01 no path (s248615469738571→s9)
[WP-UNREACHABLE] s1->s248615469738571 no path with non-zero bandwidth
[ROUTE-INSTALL] 00:00:00:00:01:01→00:00:00:00:00:01 no path (s1→s248615469738571)
[WP-UNREACHABLE] s1->s2 no path with non-zero bandwidth
[ROUTE-INSTALL] 00:00:00:00:01:01→00:00:00:00:02:01 no path (s1→s2)
[WP-UNREACHABLE] s1->s3 no path with non-zero bandwidth
[ROUTE-INSTALL] 00:00:00:00:01:01→00:00:00:00:03:01 no path (s1→s3)
[WP-UNREACHABLE] s1->s4 no path with non-zero bandwidth
[ROUTE-INSTALL] 00:00:00:00:01:01→00:00:00:00:04:01 no path (s1→s4)
[WP-UNREACHABLE] s1->s5 no path with non-zero bandwidth
[ROUTE-INSTALL] 00:00:00:00:01:01→00:00:00:00:05:01 no path (s1→s5)
[WP-UNREACHABLE] s1->s6 no path with non-zero bandwidth
[ROUTE-INSTALL] 00:00:00:00:01:01→00:00:00:00:06:01 no path (s1→s6)
[WP-UNREACHABLE] s1->s7 no path with non-zero bandwidth
[ROUTE-INSTALL] 00:00:00:00:01:01→00:00:00:00:07:01 no path (s1→s7)
[WP-UNREACHABLE] s1->s8 no path with non-zero bandwidth
[ROUTE-INSTALL] 00:00:00:00:01:01→00:00:00:00:08:01 no path (s1→s8)
[WP-UNREACHABLE] s1->s9 no path with non-zero bandwidth
[ROUTE-INSTALL] 00:00:00:00:01:01→00:00:00:00:09:01 no path (s1→s9)
[WP-UNREACHABLE] s2->s248615469738571 no path with non-zero bandwidth
[ROUTE-INSTALL] 00:00:00:00:02:01→00:00:00:00:00:01 no path (s2→s248615469738571)
[WP-UNREACHABLE] s2->s1 no path with non-zero bandwidth
[ROUTE-INSTALL] 00:00:00:00:02:01→00:00:00:00:01:01 no path (s2→s1)
[WP-UNREACHABLE] s2->s3 no path with non-zero bandwidth
[ROUTE-INSTALL] 00:00:00:00:02:01→00:00:00:00:03:01 no path (s2→s3)
[WP-UNREACHABLE] s2->s4 no path with non-zero bandwidth
[ROUTE-INSTALL] 00:00:00:00:02:01→00:00:00:00:04:01 no path (s2→s4)
[WP-UNREACHABLE] s2->s5 no path with non-zero bandwidth
[ROUTE-INSTALL] 00:00:00:00:02:01→00:00:00:00:05:01 no path (s2→s5)
[WP-UNREACHABLE] s2->s6 no path with non-zero bandwidth
[ROUTE-INSTALL] 00:00:00:00:02:01→00:00:00:00:06:01 no path (s2→s6)
[WP-UNREACHABLE] s2->s7 no path with non-zero bandwidth
[ROUTE-INSTALL] 00:00:00:00:02:01→00:00:00:00:07:01 no path (s2→s7)
[WP-UNREACHABLE] s2->s8 no path with non-zero bandwidth
[ROUTE-INSTALL] 00:00:00:00:02:01→00:00:00:00:08:01 no path (s2→s8)
[WP-UNREACHABLE] s2->s9 no path with non-zero bandwidth
[ROUTE-INSTALL] 00:00:00:00:02:01→00:00:00:00:09:01 no path (s2→s9)
[WP-UNREACHABLE] s3->s248615469738571 no path with non-zero bandwidth
[ROUTE-INSTALL] 00:00:00:00:03:01→00:00:00:00:00:01 no path (s3→s248615469738571)
[WP-UNREACHABLE] s3->s1 no path with non-zero bandwidth
[ROUTE-INSTALL] 00:00:00:00:03:01→00:00:00:00:01:01 no path (s3→s1)
[WP-UNREACHABLE] s3->s2 no path with non-zero bandwidth
[ROUTE-INSTALL] 00:00:00:00:03:01→00:00:00:00:02:01 no path (s3→s2)
[WP-UNREACHABLE] s3->s4 no path with non-zero bandwidth
[ROUTE-INSTALL] 00:00:00:00:03:01→00:00:00:00:04:01 no path (s3→s4)
[WP-UNREACHABLE] s3->s5 no path with non-zero bandwidth
[ROUTE-INSTALL] 00:00:00:00:03:01→00:00:00:00:05:01 no path (s3→s5)
[WP-UNREACHABLE] s3->s6 no path with non-zero bandwidth
[ROUTE-INSTALL] 00:00:00:00:03:01→00:00:00:00:06:01 no path (s3→s6)
[WP-UNREACHABLE] s3->s7 no path with non-zero bandwidth
[ROUTE-INSTALL] 00:00:00:00:03:01→00:00:00:00:07:01 no path (s3→s7)
[WP-UNREACHABLE] s3->s8 no path with non-zero bandwidth
[ROUTE-INSTALL] 00:00:00:00:03:01→00:00:00:00:08:01 no path (s3→s8)
[WP-UNREACHABLE] s3->s9 no path with non-zero bandwidth
[ROUTE-INSTALL] 00:00:00:00:03:01→00:00:00:00:09:01 no path (s3→s9)
[WP-UNREACHABLE] s4->s248615469738571 no path with non-zero bandwidth
[ROUTE-INSTALL] 00:00:00:00:04:01→00:00:00:00:00:01 no path (s4→s248615469738571)
[WP-UNREACHABLE] s4->s1 no path with non-zero bandwidth
[ROUTE-INSTALL] 00:00:00:00:04:01→00:00:00:00:01:01 no path (s4→s1)
[WP-UNREACHABLE] s4->s2 no path with non-zero bandwidth
[ROUTE-INSTALL] 00:00:00:00:04:01→00:00:00:00:02:01 no path (s4→s2)
[WP-UNREACHABLE] s4->s3 no path with non-zero bandwidth
[ROUTE-INSTALL] 00:00:00:00:04:01→00:00:00:00:03:01 no path (s4→s3)
[WP-UNREACHABLE] s4->s5 no path with non-zero bandwidth
[ROUTE-INSTALL] 00:00:00:00:04:01→00:00:00:00:05:01 no path (s4→s5)
[WP-DONE] s4->s6 bottleneck=1.0 Mbps
[PATH-COMPUTED] s4→s6: 2 hop(s) 6 flow entries
[WP-UNREACHABLE] s4->s7 no path with non-zero bandwidth
[ROUTE-INSTALL] 00:00:00:00:04:01→00:00:00:00:07:01 no path (s4→s7)
[WP-UNREACHABLE] s4->s8 no path with non-zero bandwidth
[ROUTE-INSTALL] 00:00:00:00:04:01→00:00:00:00:08:01 no path (s4→s8)
[WP-DONE] s4->s9 bottleneck=1.0 Mbps
[PATH-COMPUTED] s4→s9: 1 hop(s) 4 flow entries
[WP-UNREACHABLE] s5->s248615469738571 no path with non-zero bandwidth
[ROUTE-INSTALL] 00:00:00:00:05:01→00:00:00:00:00:01 no path (s5→s248615469738571)
[WP-UNREACHABLE] s5->s1 no path with non-zero bandwidth
[ROUTE-INSTALL] 00:00:00:00:05:01→00:00:00:00:01:01 no path (s5→s1)
[WP-UNREACHABLE] s5->s2 no path with non-zero bandwidth
[ROUTE-INSTALL] 00:00:00:00:05:01→00:00:00:00:02:01 no path (s5→s2)
[WP-UNREACHABLE] s5->s3 no path with non-zero bandwidth
[ROUTE-INSTALL] 00:00:00:00:05:01→00:00:00:00:03:01 no path (s5→s3)
[WP-UNREACHABLE] s5->s4 no path with non-zero bandwidth
[ROUTE-INSTALL] 00:00:00:00:05:01→00:00:00:00:04:01 no path (s5→s4)
[WP-UNREACHABLE] s5->s6 no path with non-zero bandwidth
[ROUTE-INSTALL] 00:00:00:00:05:01→00:00:00:00:06:01 no path (s5→s6)
[WP-UNREACHABLE] s5->s7 no path with non-zero bandwidth
[ROUTE-INSTALL] 00:00:00:00:05:01→00:00:00:00:07:01 no path (s5→s7)
[WP-UNREACHABLE] s5->s8 no path with non-zero bandwidth
[ROUTE-INSTALL] 00:00:00:00:05:01→00:00:00:00:08:01 no path (s5→s8)
[WP-UNREACHABLE] s5->s9 no path with non-zero bandwidth
[ROUTE-INSTALL] 00:00:00:00:05:01→00:00:00:00:09:01 no path (s5→s9)
[WP-UNREACHABLE] s6->s248615469738571 no path with non-zero bandwidth
[ROUTE-INSTALL] 00:00:00:00:06:01→00:00:00:00:00:01 no path (s6→s248615469738571)
[WP-UNREACHABLE] s6->s1 no path with non-zero bandwidth
[ROUTE-INSTALL] 00:00:00:00:06:01→00:00:00:00:01:01 no path (s6→s1)
[WP-UNREACHABLE] s6->s2 no path with non-zero bandwidth
[ROUTE-INSTALL] 00:00:00:00:06:01→00:00:00:00:02:01 no path (s6→s2)
[WP-UNREACHABLE] s6->s3 no path with non-zero bandwidth
[ROUTE-INSTALL] 00:00:00:00:06:01→00:00:00:00:03:01 no path (s6→s3)
[WP-DONE] s6->s4 bottleneck=1.0 Mbps
[PATH-COMPUTED] s6→s4: 2 hop(s) 6 flow entries
[WP-UNREACHABLE] s6->s5 no path with non-zero bandwidth
[ROUTE-INSTALL] 00:00:00:00:06:01→00:00:00:00:05:01 no path (s6→s5)
[WP-UNREACHABLE] s6->s7 no path with non-zero bandwidth
[ROUTE-INSTALL] 00:00:00:00:06:01→00:00:00:00:07:01 no path (s6→s7)
[WP-UNREACHABLE] s6->s8 no path with non-zero bandwidth
[ROUTE-INSTALL] 00:00:00:00:06:01→00:00:00:00:08:01 no path (s6→s8)
[WP-DONE] s6->s9 bottleneck=1.0 Mbps
[PATH-COMPUTED] s6→s9: 1 hop(s) 4 flow entries
[WP-UNREACHABLE] s7->s248615469738571 no path with non-zero bandwidth
[ROUTE-INSTALL] 00:00:00:00:07:01→00:00:00:00:00:01 no path (s7→s248615469738571)
[WP-UNREACHABLE] s7->s1 no path with non-zero bandwidth
[ROUTE-INSTALL] 00:00:00:00:07:01→00:00:00:00:01:01 no path (s7→s1)
[WP-UNREACHABLE] s7->s2 no path with non-zero bandwidth
[ROUTE-INSTALL] 00:00:00:00:07:01→00:00:00:00:02:01 no path (s7→s2)
[WP-UNREACHABLE] s7->s3 no path with non-zero bandwidth
[ROUTE-INSTALL] 00:00:00:00:07:01→00:00:00:00:03:01 no path (s7→s3)
[WP-UNREACHABLE] s7->s4 no path with non-zero bandwidth
[ROUTE-INSTALL] 00:00:00:00:07:01→00:00:00:00:04:01 no path (s7→s4)
[WP-UNREACHABLE] s7->s5 no path with non-zero bandwidth
[ROUTE-INSTALL] 00:00:00:00:07:01→00:00:00:00:05:01 no path (s7→s5)
[WP-UNREACHABLE] s7->s6 no path with non-zero bandwidth
[ROUTE-INSTALL] 00:00:00:00:07:01→00:00:00:00:06:01 no path (s7→s6)
[WP-UNREACHABLE] s7->s8 no path with non-zero bandwidth
[ROUTE-INSTALL] 00:00:00:00:07:01→00:00:00:00:08:01 no path (s7→s8)
[WP-UNREACHABLE] s7->s9 no path with non-zero bandwidth
[ROUTE-INSTALL] 00:00:00:00:07:01→00:00:00:00:09:01 no path (s7→s9)
[WP-UNREACHABLE] s8->s248615469738571 no path with non-zero bandwidth
[ROUTE-INSTALL] 00:00:00:00:08:01→00:00:00:00:00:01 no path (s8→s248615469738571)
[WP-UNREACHABLE] s8->s1 no path with non-zero bandwidth
[ROUTE-INSTALL] 00:00:00:00:08:01→00:00:00:00:01:01 no path (s8→s1)
[WP-UNREACHABLE] s8->s2 no path with non-zero bandwidth
[ROUTE-INSTALL] 00:00:00:00:08:01→00:00:00:00:02:01 no path (s8→s2)
[WP-UNREACHABLE] s8->s3 no path with non-zero bandwidth
[ROUTE-INSTALL] 00:00:00:00:08:01→00:00:00:00:03:01 no path (s8→s3)
[WP-UNREACHABLE] s8->s4 no path with non-zero bandwidth
[ROUTE-INSTALL] 00:00:00:00:08:01→00:00:00:00:04:01 no path (s8→s4)
[WP-UNREACHABLE] s8->s5 no path with non-zero bandwidth
[ROUTE-INSTALL] 00:00:00:00:08:01→00:00:00:00:05:01 no path (s8→s5)
[WP-UNREACHABLE] s8->s6 no path with non-zero bandwidth
[ROUTE-INSTALL] 00:00:00:00:08:01→00:00:00:00:06:01 no path (s8→s6)
[WP-UNREACHABLE] s8->s7 no path with non-zero bandwidth
[ROUTE-INSTALL] 00:00:00:00:08:01→00:00:00:00:07:01 no path (s8→s7)
[WP-UNREACHABLE] s8->s9 no path with non-zero bandwidth
[ROUTE-INSTALL] 00:00:00:00:08:01→00:00:00:00:09:01 no path (s8→s9)
[WP-UNREACHABLE] s9->s248615469738571 no path with non-zero bandwidth
[ROUTE-INSTALL] 00:00:00:00:09:01→00:00:00:00:00:01 no path (s9→s248615469738571)
[WP-UNREACHABLE] s9->s1 no path with non-zero bandwidth
[ROUTE-INSTALL] 00:00:00:00:09:01→00:00:00:00:01:01 no path (s9→s1)
[WP-UNREACHABLE] s9->s2 no path with non-zero bandwidth
[ROUTE-INSTALL] 00:00:00:00:09:01→00:00:00:00:02:01 no path (s9→s2)
[WP-UNREACHABLE] s9->s3 no path with non-zero bandwidth
[ROUTE-INSTALL] 00:00:00:00:09:01→00:00:00:00:03:01 no path (s9→s3)
[WP-DONE] s9->s4 bottleneck=1.0 Mbps
[PATH-COMPUTED] s9→s4: 1 hop(s) 4 flow entries
[WP-UNREACHABLE] s9->s5 no path with non-zero bandwidth
[ROUTE-INSTALL] 00:00:00:00:09:01→00:00:00:00:05:01 no path (s9→s5)
[WP-DONE] s9->s6 bottleneck=1.0 Mbps
[PATH-COMPUTED] s9→s6: 1 hop(s) 4 flow entries
[WP-UNREACHABLE] s9->s7 no path with non-zero bandwidth
[ROUTE-INSTALL] 00:00:00:00:09:01→00:00:00:00:07:01 no path (s9→s7)
[WP-UNREACHABLE] s9->s8 no path with non-zero bandwidth
[ROUTE-INSTALL] 00:00:00:00:09:01→00:00:00:00:08:01 no path (s9→s8)
[TOPO] route refresh: installed=6 skipped=0 unreachable=84 hosts=10
